Component: ARM Compiler 5.06 update 5 (build 528) Tool: armlink [4d35e2]

==============================================================================

Section Cross References

    isr.o(i.DMA1_Channel1_IRQHandler) refers to hal_dma.o(i.DMA_GetFlagStatus) for DMA_GetFlagStatus
    isr.o(i.DMA1_Channel1_IRQHandler) refers to hal_dma.o(i.DMA_ClearFlag) for DMA_ClearFlag
    isr.o(i.DMA1_Channel2_IRQHandler) refers to hal_dma.o(i.DMA_GetFlagStatus) for DMA_GetFlagStatus
    isr.o(i.DMA1_Channel2_IRQHandler) refers to hal_dma.o(i.DMA_ClearFlag) for DMA_ClearFlag
    isr.o(i.DMA1_Channel3_IRQHandler) refers to hal_dma.o(i.DMA_GetFlagStatus) for DMA_GetFlagStatus
    isr.o(i.DMA1_Channel3_IRQHandler) refers to hal_dma.o(i.DMA_ClearFlag) for DMA_ClearFlag
    isr.o(i.DMA1_Channel4_IRQHandler) refers to hal_dma.o(i.DMA_GetFlagStatus) for DMA_GetFlagStatus
    isr.o(i.DMA1_Channel4_IRQHandler) refers to hal_dma.o(i.DMA_ClearFlag) for DMA_ClearFlag
    isr.o(i.DMA1_Channel4_IRQHandler) refers to seekfree_7725.o(i.ov7725_dma) for ov7725_dma
    isr.o(i.DMA1_Channel4_IRQHandler) refers to seekfree_uart_7725.o(i.ov7725_uart_dma) for ov7725_uart_dma
    isr.o(i.DMA1_Channel4_IRQHandler) refers to seekfree_mt9v03x.o(i.mt9v03x_dma) for mt9v03x_dma
    isr.o(i.DMA1_Channel4_IRQHandler) refers to common.o(.data) for camera_type
    isr.o(i.DMA1_Channel5_IRQHandler) refers to hal_dma.o(i.DMA_GetFlagStatus) for DMA_GetFlagStatus
    isr.o(i.DMA1_Channel5_IRQHandler) refers to hal_dma.o(i.DMA_ClearFlag) for DMA_ClearFlag
    isr.o(i.DMA1_Channel6_IRQHandler) refers to hal_dma.o(i.DMA_GetFlagStatus) for DMA_GetFlagStatus
    isr.o(i.DMA1_Channel6_IRQHandler) refers to hal_dma.o(i.DMA_ClearFlag) for DMA_ClearFlag
    isr.o(i.DMA1_Channel7_IRQHandler) refers to hal_dma.o(i.DMA_GetFlagStatus) for DMA_GetFlagStatus
    isr.o(i.DMA1_Channel7_IRQHandler) refers to hal_dma.o(i.DMA_ClearFlag) for DMA_ClearFlag
    isr.o(i.DMA2_Channel1_IRQHandler) refers to hal_dma.o(i.DMA_GetFlagStatus) for DMA_GetFlagStatus
    isr.o(i.DMA2_Channel1_IRQHandler) refers to hal_dma.o(i.DMA_ClearFlag) for DMA_ClearFlag
    isr.o(i.DMA2_Channel2_IRQHandler) refers to hal_dma.o(i.DMA_GetFlagStatus) for DMA_GetFlagStatus
    isr.o(i.DMA2_Channel2_IRQHandler) refers to hal_dma.o(i.DMA_ClearFlag) for DMA_ClearFlag
    isr.o(i.DMA2_Channel3_IRQHandler) refers to hal_dma.o(i.DMA_GetFlagStatus) for DMA_GetFlagStatus
    isr.o(i.DMA2_Channel3_IRQHandler) refers to hal_dma.o(i.DMA_ClearFlag) for DMA_ClearFlag
    isr.o(i.DMA2_Channel4_IRQHandler) refers to hal_dma.o(i.DMA_GetFlagStatus) for DMA_GetFlagStatus
    isr.o(i.DMA2_Channel4_IRQHandler) refers to hal_dma.o(i.DMA_ClearFlag) for DMA_ClearFlag
    isr.o(i.DMA2_Channel5_IRQHandler) refers to hal_dma.o(i.DMA_GetFlagStatus) for DMA_GetFlagStatus
    isr.o(i.DMA2_Channel5_IRQHandler) refers to hal_dma.o(i.DMA_ClearFlag) for DMA_ClearFlag
    isr.o(i.EXTI0_IRQHandler) refers to hal_exti.o(i.EXTI_ClearFlag) for EXTI_ClearFlag
    isr.o(i.EXTI15_10_IRQHandler) refers to hal_exti.o(i.EXTI_GetITStatus) for EXTI_GetITStatus
    isr.o(i.EXTI15_10_IRQHandler) refers to hal_exti.o(i.EXTI_ClearFlag) for EXTI_ClearFlag
    isr.o(i.EXTI1_IRQHandler) refers to hal_exti.o(i.EXTI_ClearFlag) for EXTI_ClearFlag
    isr.o(i.EXTI2_IRQHandler) refers to hal_exti.o(i.EXTI_ClearFlag) for EXTI_ClearFlag
    isr.o(i.EXTI3_IRQHandler) refers to hal_exti.o(i.EXTI_ClearFlag) for EXTI_ClearFlag
    isr.o(i.EXTI4_IRQHandler) refers to hal_exti.o(i.EXTI_ClearFlag) for EXTI_ClearFlag
    isr.o(i.EXTI9_5_IRQHandler) refers to hal_exti.o(i.EXTI_GetITStatus) for EXTI_GetITStatus
    isr.o(i.EXTI9_5_IRQHandler) refers to hal_exti.o(i.EXTI_ClearFlag) for EXTI_ClearFlag
    isr.o(i.EXTI9_5_IRQHandler) refers to seekfree_7725.o(i.ov7725_vsync) for ov7725_vsync
    isr.o(i.EXTI9_5_IRQHandler) refers to seekfree_uart_7725.o(i.ov7725_uart_vsync) for ov7725_uart_vsync
    isr.o(i.EXTI9_5_IRQHandler) refers to seekfree_mt9v03x.o(i.mt9v03x_vsync) for mt9v03x_vsync
    isr.o(i.EXTI9_5_IRQHandler) refers to common.o(.data) for camera_type
    isr.o(i.TIM6_IRQHandler) refers to control.o(i.Different_Speed) for Different_Speed
    isr.o(i.TIM6_IRQHandler) refers to control.o(i.Speed_Control) for Speed_Control
    isr.o(i.TIM6_IRQHandler) refers to img_process.o(i.send_message) for send_message
    isr.o(i.TIM6_IRQHandler) refers to motor.o(i.set_Speed) for set_Speed
    isr.o(i.TIM6_IRQHandler) refers to img_process.o(.data) for stop_flag
    isr.o(i.UART3_IRQHandler) refers to ultrasonic.o(i.uart_handler) for uart_handler
    isr.o(i.UART8_IRQHandler) refers to seekfree_uart_7725.o(i.ov7725_cof_uart_interrupt) for ov7725_cof_uart_interrupt
    isr.o(i.UART8_IRQHandler) refers to seekfree_mt9v03x.o(i.mt9v03x_uart_callback) for mt9v03x_uart_callback
    isr.o(i.UART8_IRQHandler) refers to common.o(.data) for camera_type
    main.o(i.main) refers to seekfree_mt9v03x.o(i.mt9v03x_init) for mt9v03x_init
[...]
    i.TIM_Cmd                                0x08001828   Section        0  hal_tim.o(i.TIM_Cmd)
    i.TIM_DMACmd                             0x0800183e   Section        0  hal_tim.o(i.TIM_DMACmd)
    i.TIM_ETRClockMode1Config                0x08001850   Section        0  hal_tim.o(i.TIM_ETRClockMode1Config)
    i.TIM_ETRConfig                          0x08001870   Section        0  hal_tim.o(i.TIM_ETRConfig)
    i.TIM_SelectInputTrigger                 0x0800189c   Section        0  hal_tim.o(i.TIM_SelectInputTrigger)
    i.TIM_SelectMasterSlaveMode              0x080018a8   Section        0  hal_tim.o(i.TIM_SelectMasterSlaveMode)
    i.TIM_SelectSlaveMode                    0x080018b4   Section        0  hal_tim.o(i.TIM_SelectSlaveMode)
    i.TIM_TimeBaseInit                       0x080018c0   Section        0  hal_tim.o(i.TIM_TimeBaseInit)
    i.Turn_Control                           0x08001938   Section        0  control.o(i.Turn_Control)
    i.UART1_IRQHandler                       0x0800197c   Section        0  isr.o(i.UART1_IRQHandler)
    i.UART2_IRQHandler                       0x080019b8   Section        0  isr.o(i.UART2_IRQHandler)
    i.UART3_IRQHandler                       0x080019f4   Section        0  isr.o(i.UART3_IRQHandler)
    i.UART4_IRQHandler                       0x08001a34   Section        0  isr.o(i.UART4_IRQHandler)
    i.UART5_IRQHandler                       0x08001a70   Section        0  isr.o(i.UART5_IRQHandler)
    i.UART6_IRQHandler                       0x08001aa4   Section        0  isr.o(i.UART6_IRQHandler)
    i.UART7_IRQHandler                       0x08001ae0   Section        0  isr.o(i.UART7_IRQHandler)
    i.UART8_IRQHandler                       0x08001b1c   Section        0  isr.o(i.UART8_IRQHandler)
    i.Ultrasonic_init                        0x08001b7c   Section        0  ultrasonic.o(i.Ultrasonic_init)
    i.Ultrasonic_receive                     0x08001ba4   Section        0  ultrasonic.o(i.Ultrasonic_receive)
    i.UsageFault_Handler                     0x08001bcc   Section        0  common.o(i.UsageFault_Handler)
    i.__scatterload_copy                     0x08001bd0   Section       14  handlers.o(i.__scatterload_copy)
    i.__scatterload_null                     0x08001bde   Section        2  handlers.o(i.__scatterload_null)
    i.__scatterload_zeroinit                 0x08001be0   Section       14  handlers.o(i.__scatterload_zeroinit)
    i.afio_init                              0x08001bf0   Section        0  zf_gpio.o(i.afio_init)
    i.camera_dma_init                        0x08001cd4   Section        0  zf_camera.o(i.camera_dma_init)
    i.camera_tim_etr_init                    0x08001d50   Section        0  zf_camera.o(i.camera_tim_etr_init)
    i.centre_line_get                        0x08001e6c   Section        0  img_process.o(i.centre_line_get)
    i.count_Zebra                            0x08001f6c   Section        0  img_process.o(i.count_Zebra)
    i.erzhihua                               0x08001ffc   Section        0  img_process.o(i.erzhihua)
    i.exti_interrupt_init                    0x08002060   Section        0  zf_exti.o(i.exti_interrupt_init)
    i.find_Inflection_A                      0x08002134   Section        0  img_process.o(i.find_Inflection_A)
    i.find_Inflection_B                      0x080022d0   Section        0  img_process.o(i.find_Inflection_B)
    i.find_Inflection_C                      0x08002368   Section        0  img_process.o(i.find_Inflection_C)
    i.find_Zebra                             0x08002458   Section        0  img_process.o(i.find_Zebra)
    i.find_Zebra_y                           0x080024ec   Section        0  img_process.o(i.find_Zebra_y)
    i.fun0                                   0x0800259c   Section        0  menu.o(i.fun0)
    i.fun1                                   0x080025fc   Section        0  menu.o(i.fun1)
    i.fun10                                  0x08002670   Section        0  menu.o(i.fun10)
    i.fun11                                  0x080026f0   Section        0  menu.o(i.fun11)
    i.fun12                                  0x08002760   Section        0  menu.o(i.fun12)
    i.fun13                                  0x080027c0   Section        0  menu.o(i.fun13)
    i.fun14                                  0x08002860   Section        0  menu.o(i.fun14)
    i.fun15                                  0x08002910   Section        0  menu.o(i.fun15)
    i.fun16                                  0x080029b0   Section        0  menu.o(i.fun16)
    i.fun17                                  0x08002a60   Section        0  menu.o(i.fun17)
    i.fun18                                  0x08002afc   Section        0  menu.o(i.fun18)
    i.fun19                                  0x08002ba8   Section        0  menu.o(i.fun19)
    i.fun2                                   0x08002c44   Section        0  menu.o(i.fun2)
    i.fun20                                  0x08002cc0   Section        0  menu.o(i.fun20)
    i.fun21                                  0x08002d6c   Section        0  menu.o(i.fun21)
    i.fun3                                   0x08002e08   Section        0  menu.o(i.fun3)
    i.fun4                                   0x08002e7c   Section        0  menu.o(i.fun4)
    i.fun5                                   0x08002ef8   Section        0  menu.o(i.fun5)
    i.fun6                                   0x08002f68   Section        0  menu.o(i.fun6)
    i.fun7                                   0x08002fc8   Section        0  menu.o(i.fun7)
    i.fun8                                   0x0800303c   Section        0  menu.o(i.fun8)
    i.fun9                                   0x080030bc   Section        0  menu.o(i.fun9)
    i.get_config                             0x08003130   Section        0  seekfree_mt9v03x.o(i.get_config)
    i.get_longest_col                        0x08003198   Section        0  img_process.o(i.get_longest_col)
    i.get_shortest_col                       0x0800323c   Section        0  img_process.o(i.get_shortest_col)
    i.gpio_get                               0x08003274   Section        0  zf_gpio.o(i.gpio_get)
    i.gpio_init                              0x08003298   Section        0  zf_gpio.o(i.gpio_init)
    i.gpio_set                               0x080033e4   Section        0  zf_gpio.o(i.gpio_set)
    i.if_narrow_track                        0x0800342c   Section        0  img_process.o(i.if_narrow_track)
    i.if_stop                                0x08003474   Section        0  img_process.o(i.if_stop)
    i.ips114_clear                           0x080034cc   Section        0  seekfree_ips114_spi.o(i.ips114_clear)
    i.ips114_displayimage032                 0x080034fc   Section        0  seekfree_ips114_spi.o(i.ips114_displayimage032)
    i.ips114_init                            0x08003588   Section        0  seekfree_ips114_spi.o(i.ips114_init)
    i.ips114_set_region                      0x0800378c   Section        0  seekfree_ips114_spi.o(i.ips114_set_region)
    ips114_set_region                        0x0800378d   Thumb Code    74  seekfree_ips114_spi.o(i.ips114_set_region)
    i.ips114_showchar                        0x080037d8   Section        0  seekfree_ips114_spi.o(i.ips114_showchar)
    i.ips114_showint16                       0x08003844   Section        0  seekfree_ips114_spi.o(i.ips114_showint16)
    i.ips114_showint32                       0x08003908   Section        0  seekfree_ips114_spi.o(i.ips114_showint32)
    i.ips114_showstr                         0x08003974   Section        0  seekfree_ips114_spi.o(i.ips114_showstr)
    i.ips114_writeData                       0x080039a8   Section        0  seekfree_ips114_spi.o(i.ips114_writeData)
    ips114_writeData                         0x080039a9   Thumb Code    64  seekfree_ips114_spi.o(i.ips114_writeData)
    i.ips114_writeIndex                      0x080039ec   Section        0  seekfree_ips114_spi.o(i.ips114_writeIndex)
    ips114_writeIndex                        0x080039ed   Thumb Code    64  seekfree_ips114_spi.o(i.ips114_writeIndex)
    i.ips114_writedata_16bit                 0x08003a30   Section        0  seekfree_ips114_spi.o(i.ips114_writedata_16bit)
    ips114_writedata_16bit                   0x08003a31   Thumb Code    78  seekfree_ips114_spi.o(i.ips114_writedata_16bit)
    i.is_Branch                              0x08003a84   Section        0  img_process.o(i.is_Branch)
    i.is_Straight                            0x08003be4   Section        0  img_process.o(i.is_Straight)
    i.judge_Branch                           0x08003d0c   Section        0  img_process.o(i.judge_Branch)
    i.judge_Garage                           0x08003d84   Section        0  img_process.o(i.judge_Garage)
    i.judge_Ring                             0x08003e74   Section        0  img_process.o(i.judge_Ring)
    i.judge_relay                            0x08004040   Section        0  img_process.o(i.judge_relay)
    i.key_init                               0x080040a8   Section        0  key.o(i.key_init)
    i.key_ips                                0x080040d0   Section        0  key.o(i.key_ips)
    i.main                                   0x08004110   Section        0  main.o(i.main)
    i.menu_key                               0x08004160   Section        0  menu.o(i.menu_key)
    i.motor_init                             0x080041c8   Section        0  motor.o(i.motor_init)
    i.mt9v03x_dma                            0x08004204   Section        0  seekfree_mt9v03x.o(i.mt9v03x_dma)
    i.mt9v03x_dma_init                       0x08004224   Section        0  seekfree_mt9v03x.o(i.mt9v03x_dma_init)
    i.mt9v03x_exti_init                      0x08004274   Section        0  seekfree_mt9v03x.o(i.mt9v03x_exti_init)
    i.mt9v03x_init                           0x0800429c   Section        0  seekfree_mt9v03x.o(i.mt9v03x_init)
    i.mt9v03x_tim1_etr_init                  0x08004320   Section        0  seekfree_mt9v03x.o(i.mt9v03x_tim1_etr_init)
    i.mt9v03x_uart_callback                  0x08004330   Section        0  seekfree_mt9v03x.o(i.mt9v03x_uart_callback)
    i.mt9v03x_vsync                          0x08004384   Section        0  seekfree_mt9v03x.o(i.mt9v03x_vsync)
    i.number_conversion_ascii                0x0800439c   Section        0  seekfree_printf.o(i.number_conversion_ascii)
    i.nvic_init                              0x08004424   Section        0  common.o(i.nvic_init)
    i.ov7725_cof_uart_interrupt              0x08004448   Section        0  seekfree_uart_7725.o(i.ov7725_cof_uart_interrupt)
    i.ov7725_dma                             0x0800449c   Section        0  seekfree_7725.o(i.ov7725_dma)
    i.ov7725_uart_dma                        0x080044bc   Section        0  seekfree_uart_7725.o(i.ov7725_uart_dma)
    i.ov7725_uart_vsync                      0x080044dc   Section        0  seekfree_uart_7725.o(i.ov7725_uart_vsync)
    i.ov7725_vsync                           0x080044f4   Section        0  seekfree_7725.o(i.ov7725_vsync)
    i.pit_init                               0x0800450c   Section        0  motor.o(i.pit_init)
    i.printf_reverse_order                   0x08004522   Section        0  seekfree_printf.o(i.printf_reverse_order)
    i.pwm_duty_updata                        0x08004544   Section        0  zf_pwm.o(i.pwm_duty_updata)
    i.pwm_init                               0x080045f4   Section        0  zf_pwm.o(i.pwm_init)
    i.pwm_pin_init                           0x0800487c   Section        0  zf_pwm.o(i.pwm_pin_init)
    pwm_pin_init                             0x0800487d   Thumb Code    20  zf_pwm.o(i.pwm_pin_init)
    i.receive_message                        0x08004890   Section        0  img_process.o(i.receive_message)
    i.refresh_current_element                0x080048a4   Section        0  img_process.o(i.refresh_current_element)
    i.relay_start                            0x080048fc   Section        0  img_process.o(i.relay_start)
    i.relay_stop                             0x08004910   Section        0  img_process.o(i.relay_stop)
    i.repair_Branch                          0x08004948   Section        0  img_process.o(i.repair_Branch)
    i.repair_Garage                          0x08004a4c   Section        0  img_process.o(i.repair_Garage)
    i.repair_Ring                            0x08004d10   Section        0  img_process.o(i.repair_Ring)
    i.repair_Zebra                           0x080054d0   Section        0  img_process.o(i.repair_Zebra)
    i.repair_car                             0x08005538   Section        0  img_process.o(i.repair_car)
    i.seekfree_wireless_init                 0x080055b4   Section        0  seekfree_wireless.o(i.seekfree_wireless_init)
    i.send_message                           0x080055c8   Section        0  img_process.o(i.send_message)
    i.set_Speed                              0x080055d8   Section        0  motor.o(i.set_Speed)
    i.set_config                             0x08005790   Section        0  seekfree_mt9v03x.o(i.set_config)
    i.set_exposure_time                      0x08005808   Section        0  seekfree_mt9v03x.o(i.set_exposure_time)
    i.spi_init                               0x0800585c   Section        0  zf_spi.o(i.spi_init)
    i.spi_mosi                               0x08005a1c   Section        0  zf_spi.o(i.spi_mosi)
    i.spi_pin_init                           0x08005a6c   Section        0  zf_spi.o(i.spi_pin_init)
    spi_pin_init                             0x08005a6d   Thumb Code    88  zf_spi.o(i.spi_pin_init)
    i.systick_delay                          0x08005ac4   Section        0  zf_systick.o(i.systick_delay)
    i.systick_delay_ms                       0x08005aec   Section        0  zf_systick.o(i.systick_delay_ms)
    i.threshold_init                         0x08005b14   Section        0  img_process.o(i.threshold_init)
    i.tim_encoder_get_count                  0x08005b44   Section        0  zf_tim.o(i.tim_encoder_get_count)
    i.tim_encoder_init                       0x08005b78   Section        0  zf_tim.o(i.tim_encoder_init)
    i.tim_encoder_pin_init                   0x08005c68   Section        0  zf_tim.o(i.tim_encoder_pin_init)
    tim_encoder_pin_init                     0x08005c69   Thumb Code    20  zf_tim.o(i.tim_encoder_pin_init)
    i.tim_encoder_rst                        0x08005c7c   Section        0  zf_tim.o(i.tim_encoder_rst)
    i.tim_interrupt_enable                   0x08005ca0   Section        0  zf_pit.o(i.tim_interrupt_enable)
    i.tim_interrupt_init                     0x08005cc4   Section        0  zf_pit.o(i.tim_interrupt_init)
    i.trackBorder_Get                        0x08005db0   Section        0  img_process.o(i.trackBorder_Get)
    i.uart_getchar                           0x08005fd4   Section        0  zf_uart.o(i.uart_getchar)
    i.uart_handler                           0x08005ff8   Section        0  ultrasonic.o(i.uart_handler)
    i.uart_init                              0x08006064   Section        0  zf_uart.o(i.uart_init)
    i.uart_pin_init                          0x080061f8   Section        0  zf_uart.o(i.uart_pin_init)
    uart_pin_init                            0x080061f9   Thumb Code    36  zf_uart.o(i.uart_pin_init)
    i.uart_putbuff                           0x0800621c   Section        0  zf_uart.o(i.uart_putbuff)
    i.uart_putchar                           0x0800624c   Section        0  zf_uart.o(i.uart_putchar)
    i.uart_query                             0x0800626c   Section        0  zf_uart.o(i.uart_query)
    i.uart_rx_irq                            0x08006294   Section        0  zf_uart.o(i.uart_rx_irq)
    i.weight_array_init                      0x080062e0   Section        0  img_process.o(i.weight_array_init)
    i.zf_sprintf                             0x0800631c   Section        0  seekfree_printf.o(i.zf_sprintf)
    .constdata                               0x08006600   Section     7048  seekfree_font.o(.constdata)
    .data                                    0x20000000   Section       72  img_process.o(.data)
    .data                                    0x20000048   Section       32  motor.o(.data)
    .data                                    0x20000068   Section      128  control.o(.data)
    .data                                    0x200000e8   Section      449  menu.o(.data)
    .data                                    0x200002aa   Section       10  ultrasonic.o(.data)
    .data                                    0x200002b4   Section        8  common.o(.data)
    .data                                    0x200002bc   Section       20  system_mm32f327x.o(.data)
    .data                                    0x200002d0   Section       32  zf_gpio.o(.data)
    .data                                    0x200002f0   Section       12  zf_spi.o(.data)
    .data                                    0x200002fc   Section       32  zf_tim.o(.data)
    .data                                    0x2000031c   Section       40  zf_uart.o(.data)
    .data                                    0x20000344   Section        4  seekfree_7725.o(.data)
    ov7725_simiic_delay_time                 0x20000346   Data           2  seekfree_7725.o(.data)
    .data                                    0x20000348   Section       74  seekfree_mt9v03x.o(.data)
    receive                                  0x20000349   Data           3  seekfree_mt9v03x.o(.data)
    receive_num                              0x2000034c   Data           1  seekfree_mt9v03x.o(.data)
    uart_receive_flag                        0x2000034d   Data           1  seekfree_mt9v03x.o(.data)
    .data                                    0x20000392   Section       51  seekfree_uart_7725.o(.data)
    ov7725_uart_receive                      0x200003c0   Data           3  seekfree_uart_7725.o(.data)
    ov7725_uart_receive_num                  0x200003c3   Data           1  seekfree_uart_7725.o(.data)
    ov7725_uart_receive_flag                 0x200003c4   Data           1  seekfree_uart_7725.o(.data)
    .bss                                     0x200003c8   Section    24856  img_process.o(.bss)
    .bss                                     0x200064e0   Section    22560  seekfree_mt9v03x.o(.bss)
    STACK                                    0x2000bd00   Section     1024  startup_mm32f327x_keil.o(STACK)

    Global Symbols

    Symbol Name                              Value     Ov Type        Size  Object(Section)

    BuildAttributes$$THM_ISAv4$P$D$K$B$S$PE$A:L22UL41UL21$X:L11$S22US41US21$IEEE1$IW$USESV6$~STKCKD$USESV7$~SHL$OTIME$ROPI$IEEEX$EBA8$MICROLIB$REQ8$PRES8$EABIv2 0x00000000   Number         0  anon$$obj.o ABSOLUTE
    __ARM_use_no_argv                        0x00000000   Number         0  main.o ABSOLUTE
    __cpp_initialize__aeabi_                  - Undefined Weak Reference
    __cxa_finalize                            - Undefined Weak Reference
    _clock_init                               - Undefined Weak Reference
    _microlib_exit                            - Undefined Weak Reference
    __Vectors_Size                           0x00000190   Number         0  startup_mm32f327x_keil.o ABSOLUTE
    __Vectors                                0x08000000   Data           4  startup_mm32f327x_keil.o(RESET)
    __Vectors_End                            0x08000190   Data           0  startup_mm32f327x_keil.o(RESET)
    __main                                   0x08000191   Thumb Code     0  entry.o(.ARM.Collect$$$$00000000)
    _main_stk                                0x08000191   Thumb Code     0  entry2.o(.ARM.Collect$$$$00000001)
    _main_scatterload                        0x08000195   Thumb Code     0  entry5.o(.ARM.Collect$$$$00000004)
    __main_after_scatterload                 0x08000199   Thumb Code     0  entry5.o(.ARM.Collect$$$$00000004)
    _main_clock                              0x08000199   Thumb Code     0  entry7b.o(.ARM.Collect$$$$00000008)
    _main_cpp_init                           0x08000199   Thumb Code     0  entry8b.o(.ARM.Collect$$$$0000000A)
    _main_init                               0x08000199   Thumb Code     0  entry9a.o(.ARM.Collect$$$$0000000B)
    __rt_final_cpp                           0x080001a1   Thumb Code     0  entry10a.o(.ARM.Collect$$$$0000000D)
    __rt_final_exit                          0x080001a1   Thumb Code     0  entry11a.o(.ARM.Collect$$$$0000000F)
    Reset_Handler                            0x080001a5   Thumb Code     8  startup_mm32f327x_keil.o(.text)
    SysTick_Handler                          0x080001bd   Thumb Code     2  startup_mm32f327x_keil.o(.text)
    ADC1_2_IRQHandler                        0x080001bf   Thumb Code     0  startup_mm32f327x_keil.o(.text)
    ADC3_IRQHandler                          0x080001bf   Thumb Code     0  startup_mm32f327x_keil.o(.text)
    CAN1_RX_IRQHandler                       0x080001bf   Thumb Code     0  startup_mm32f327x_keil.o(.text)
    COMP1_2_IRQHandler                       0x080001bf   Thumb Code     0  startup_mm32f327x_keil.o(.text)
    ETH_IRQHandler                           0x080001bf   Thumb Code     0  startup_mm32f327x_keil.o(.text)
    FLASH_IRQHandler                         0x080001bf   Thumb Code     0  startup_mm32f327x_keil.o(.text)
    FlashCache_IRQHandler                    0x080001bf   Thumb Code     0  startup_mm32f327x_keil.o(.text)
    I2C1_IRQHandler                          0x080001bf   Thumb Code     0  startup_mm32f327x_keil.o(.text)
    I2C2_IRQHandler                          0x080001bf   Thumb Code     0  startup_mm32f327x_keil.o(.text)
    OTG_FS_IRQHandler                        0x080001bf   Thumb Code     0  startup_mm32f327x_keil.o(.text)
    OTG_FS_WKUP_IRQHandler                   0x080001bf   Thumb Code     0  startup_mm32f327x_keil.o(.text)
    PVD_IRQHandler                           0x080001bf   Thumb Code     0  startup_mm32f327x_keil.o(.text)
    RCC_CRS_IRQHandler                       0x080001bf   Thumb Code     0  startup_mm32f327x_keil.o(.text)
    RTCAlarm_IRQHandler                      0x080001bf   Thumb Code     0  startup_mm32f327x_keil.o(.text)
    RTC_IRQHandler                           0x080001bf   Thumb Code     0  startup_mm32f327x_keil.o(.text)
    SDIO_IRQHandler                          0x080001bf   Thumb Code     0  startup_mm32f327x_keil.o(.text)
    SPI1_IRQHandler                          0x080001bf   Thumb Code     0  startup_mm32f327x_keil.o(.text)
    SPI2_IRQHandler                          0x080001bf   Thumb Code     0  startup_mm32f327x_keil.o(.text)
    SPI3_IRQHandler                          0x080001bf   Thumb Code     0  startup_mm32f327x_keil.o(.text)
    TAMPER_IRQHandler                        0x080001bf   Thumb Code     0  startup_mm32f327x_keil.o(.text)
    TIM1_BRK_IRQHandler                      0x080001bf   Thumb Code     0  startup_mm32f327x_keil.o(.text)
    TIM1_CC_IRQHandler                       0x080001bf   Thumb Code     0  startup_mm32f327x_keil.o(.text)
    TIM1_TRG_COM_IRQHandler                  0x080001bf   Thumb Code     0  startup_mm32f327x_keil.o(.text)
    TIM8_BRK_IRQHandler                      0x080001bf   Thumb Code     0  startup_mm32f327x_keil.o(.text)
    TIM8_CC_IRQHandler                       0x080001bf   Thumb Code     0  startup_mm32f327x_keil.o(.text)
    TIM8_TRG_COM_IRQHandler                  0x080001bf   Thumb Code     0  startup_mm32f327x_keil.o(.text)
    WWDG_IRQHandler                          0x080001bf   Thumb Code     0  startup_mm32f327x_keil.o(.text)
    abs                                      0x080001c9   Thumb Code     8  siabs.o(.text)
    __aeabi_memcpy                           0x080001d1   Thumb Code    36  memcpya.o(.text)
    __aeabi_memcpy4                          0x080001d1   Thumb Code     0  memcpya.o(.text)
    __aeabi_memcpy8                          0x080001d1   Thumb Code     0  memcpya.o(.text)
    __aeabi_memset                           0x080001f5   Thumb Code    14  memseta.o(.text)
    __aeabi_memset4                          0x080001f5   Thumb Code     0  memseta.o(.text)
    __aeabi_memset8                          0x080001f5   Thumb Code     0  memseta.o(.text)
    __aeabi_memclr                           0x08000203   Thumb Code     4  memseta.o(.text)
    __aeabi_memclr4                          0x08000203   Thumb Code     0  memseta.o(.text)
    __aeabi_memclr8                          0x08000203   Thumb Code     0  memseta.o(.text)
    _memset$wrapper                          0x08000207   Thumb Code    18  memseta.o(.text)
    __aeabi_fadd                             0x08000219   Thumb Code   164  fadd.o(.text)
    __aeabi_fsub                             0x080002bd   Thumb Code     6  fadd.o(.text)
    __aeabi_frsub                            0x080002c3   Thumb Code     6  fadd.o(.text)
    __aeabi_fmul                             0x080002c9   Thumb Code   100  fmul.o(.text)
    __aeabi_fdiv                             0x0800032d   Thumb Code   124  fdiv.o(.text)
    __aeabi_dadd                             0x080003a9   Thumb Code   322  dadd.o(.text)
    __aeabi_dsub                             0x080004eb   Thumb Code     6  dadd.o(.text)
    __aeabi_drsub                            0x080004f1   Thumb Code     6  dadd.o(.text)
    __aeabi_dmul                             0x080004f7   Thumb Code   228  dmul.o(.text)
    __aeabi_ddiv                             0x080005db   Thumb Code   222  ddiv.o(.text)
    __aeabi_i2f                              0x080006b9   Thumb Code    18  fflti.o(.text)
    __aeabi_ui2f                             0x080006cb   Thumb Code    10  ffltui.o(.text)
    __aeabi_i2d                              0x080006d5   Thumb Code    34  dflti.o(.text)
    __aeabi_f2iz                             0x080006f7   Thumb Code    50  ffixi.o(.text)
    __aeabi_f2uiz                            0x08000729   Thumb Code    40  ffixui.o(.text)
    __aeabi_d2iz                             0x08000751   Thumb Code    62  dfixi.o(.text)
    __aeabi_d2uiz                            0x0800078f   Thumb Code    50  dfixui.o(.text)
    __aeabi_f2d                              0x080007c1   Thumb Code    38  f2d.o(.text)
    __aeabi_cdcmpeq                          0x080007e9   Thumb Code     0  cdcmple.o(.text)
    __aeabi_cdcmple                          0x080007e9   Thumb Code    48  cdcmple.o(.text)
    __aeabi_cdrcmple                         0x08000819   Thumb Code    48  cdrcmple.o(.text)
    __aeabi_cfcmpeq                          0x08000849   Thumb Code     0  cfcmple.o(.text)
    __aeabi_cfcmple                          0x08000849   Thumb Code    20  cfcmple.o(.text)
    __aeabi_cfrcmple                         0x0800085d   Thumb Code    20  cfrcmple.o(.text)
    __aeabi_llsl                             0x08000871   Thumb Code    30  llshl.o(.text)
    _ll_shift_l                              0x08000871   Thumb Code     0  llshl.o(.text)
    __aeabi_llsr                             0x0800088f   Thumb Code    32  llushr.o(.text)
    _ll_ushift_r                             0x0800088f   Thumb Code     0  llushr.o(.text)
    __aeabi_lasr                             0x080008af   Thumb Code    36  llsshr.o(.text)
    _ll_sshift_r                             0x080008af   Thumb Code     0  llsshr.o(.text)
    __I$use$fp                               0x080008d3   Thumb Code     0  iusefp.o(.text)
    _float_round                             0x080008d3   Thumb Code    18  fepilogue.o(.text)
    _float_epilogue                          0x080008e5   Thumb Code    92  fepilogue.o(.text)
    _double_round                            0x08000941   Thumb Code    30  depilogue.o(.text)
    _double_epilogue                         0x0800095f   Thumb Code   156  depilogue.o(.text)
    __scatterload                            0x080009fd   Thumb Code    28  init.o(.text)
    __scatterload_rt2                        0x080009fd   Thumb Code     0  init.o(.text)
    __decompress                             0x08000a21   Thumb Code     0  __dczerorl2.o(.text)
    __decompress1                            0x08000a21   Thumb Code    86  __dczerorl2.o(.text)
    AutoCalPllFactor                         0x08000a77   Thumb Code   102  system_mm32f327x.o(i.AutoCalPllFactor)
    BusFault_Handler                         0x08000add   Thumb Code     4  common.o(i.BusFault_Handler)
    DMA1_Channel1_IRQHandler                 0x08000b23   Thumb Code    20  isr.o(i.DMA1_Channel1_IRQHandler)
    DMA1_Channel2_IRQHandler                 0x08000b37   Thumb Code    20  isr.o(i.DMA1_Channel2_IRQHandler)
    DMA1_Channel3_IRQHandler                 0x08000b4b   Thumb Code    22  isr.o(i.DMA1_Channel3_IRQHandler)
    DMA1_Channel4_IRQHandler                 0x08000b61   Thumb Code    62  isr.o(i.DMA1_Channel4_IRQHandler)
    DMA1_Channel5_IRQHandler                 0x08000ba5   Thumb Code    22  isr.o(i.DMA1_Channel5_IRQHandler)
    DMA1_Channel6_IRQHandler                 0x08000bbb   Thumb Code    22  isr.o(i.DMA1_Channel6_IRQHandler)
    DMA1_Channel7_IRQHandler                 0x08000bd1   Thumb Code    22  isr.o(i.DMA1_Channel7_IRQHandler)
    DMA2_Channel1_IRQHandler                 0x08000be9   Thumb Code    20  isr.o(i.DMA2_Channel1_IRQHandler)
    DMA2_Channel2_IRQHandler                 0x08000c01   Thumb Code    20  isr.o(i.DMA2_Channel2_IRQHandler)
    DMA2_Channel3_IRQHandler                 0x08000c19   Thumb Code    20  isr.o(i.DMA2_Channel3_IRQHandler)
    DMA2_Channel4_IRQHandler                 0x08000c31   Thumb Code    20  isr.o(i.DMA2_Channel4_IRQHandler)
    DMA2_Channel5_IRQHandler                 0x08000c49   Thumb Code    20  isr.o(i.DMA2_Channel5_IRQHandler)
    DMA_ClearFlag                            0x08000c61   Thumb Code    20  hal_dma.o(i.DMA_ClearFlag)
    DMA_Cmd                                  0x08000c7d   Thumb Code    12  hal_dma.o(i.DMA_Cmd)
    DMA_DeInit                               0x08000c89   Thumb Code    82  hal_dma.o(i.DMA_DeInit)
    DMA_GetFlagStatus                        0x08000ce5   Thumb Code    40  hal_dma.o(i.DMA_GetFlagStatus)
    DMA_ITConfig                             0x08000d15   Thumb Code    18  hal_dma.o(i.DMA_ITConfig)
    DMA_Init                                 0x08000d27   Thumb Code    70  hal_dma.o(i.DMA_Init)
    DebugMon_Handler                         0x08000d6d   Thumb Code     4  common.o(i.DebugMon_Handler)
    Different_Speed                          0x08000d71   Thumb Code    20  control.o(i.Different_Speed)
    EXTI0_IRQHandler                         0x08000d91   Thumb Code    10  isr.o(i.EXTI0_IRQHandler)
    EXTI15_10_IRQHandler                     0x08000d9b   Thumb Code   112  isr.o(i.EXTI15_10_IRQHandler)
    EXTI1_IRQHandler                         0x08000e0b   Thumb Code    10  isr.o(i.EXTI1_IRQHandler)
    EXTI2_IRQHandler                         0x08000e15   Thumb Code    10  isr.o(i.EXTI2_IRQHandler)
    EXTI3_IRQHandler                         0x08000e1f   Thumb Code    10  isr.o(i.EXTI3_IRQHandler)
    EXTI4_IRQHandler                         0x08000e29   Thumb Code    10  isr.o(i.EXTI4_IRQHandler)
    EXTI9_5_IRQHandler                       0x08000e35   Thumb Code   122  isr.o(i.EXTI9_5_IRQHandler)
    EXTI_ClearFlag                           0x08000eb5   Thumb Code     6  hal_exti.o(i.EXTI_ClearFlag)
    EXTI_GetITStatus                         0x08000ec1   Thumb Code    28  hal_exti.o(i.EXTI_GetITStatus)
    EXTI_Init                                0x08000ee1   Thumb Code   210  hal_exti.o(i.EXTI_Init)
    EXTI_LineConfig                          0x08000fb9   Thumb Code    56  hal_exti.o(i.EXTI_LineConfig)
    EXTI_StructInit                          0x08000ff5   Thumb Code    16  hal_exti.o(i.EXTI_StructInit)
    Encoder_Clean                            0x08001005   Thumb Code    16  motor.o(i.Encoder_Clean)
    Encoder_Get_Value                        0x08001015   Thumb Code    32  motor.o(i.Encoder_Get_Value)
    Encoder_init                             0x08001035   Thumb Code    32  motor.o(i.Encoder_init)
    Get_Speed                                0x08001055   Thumb Code   292  motor.o(i.Get_Speed)
    HardFault_Handler                        0x0800118d   Thumb Code     4  common.o(i.HardFault_Handler)
    KEY_Read                                 0x08001191   Thumb Code    76  key.o(i.KEY_Read)
    MemManage_Handler                        0x080011dd   Thumb Code     4  common.o(i.MemManage_Handler)
    NMI_Handler                              0x080011e1   Thumb Code     4  common.o(i.NMI_Handler)
    NVIC_Init                                0x080011e5   Thumb Code    96  hal_misc.o(i.NVIC_Init)
    PID_Location                             0x08001251   Thumb Code   180  pid.o(i.PID_Location)
    PendSV_Handler                           0x08001311   Thumb Code     4  common.o(i.PendSV_Handler)
    RCC_AHBPeriphClockCmd                    0x08001315   Thumb Code    26  hal_rcc.o(i.RCC_AHBPeriphClockCmd)
    RCC_APB1PeriphClockCmd                   0x08001335   Thumb Code    26  hal_rcc.o(i.RCC_APB1PeriphClockCmd)
    RCC_APB2PeriphClockCmd                   0x08001355   Thumb Code    26  hal_rcc.o(i.RCC_APB2PeriphClockCmd)
    SVC_Handler                              0x08001375   Thumb Code     4  common.o(i.SVC_Handler)
    Show_Line                                0x0800159d   Thumb Code   150  img_process.o(i.Show_Line)
    Speed_Control                            0x08001651   Thumb Code   114  control.o(i.Speed_Control)
    SystemInit                               0x080016e1   Thumb Code    82  system_mm32f327x.o(i.SystemInit)
    TIM1_UP_IRQHandler                       0x08001745   Thumb Code    14  isr.o(i.TIM1_UP_IRQHandler)
    TIM2_IRQHandler                          0x08001759   Thumb Code    18  isr.o(i.TIM2_IRQHandler)
    TIM3_IRQHandler                          0x0800176d   Thumb Code    14  isr.o(i.TIM3_IRQHandler)
    TIM4_IRQHandler                          0x08001781   Thumb Code    14  isr.o(i.TIM4_IRQHandler)
    TIM5_IRQHandler                          0x08001795   Thumb Code    14  isr.o(i.TIM5_IRQHandler)
    TIM6_IRQHandler                          0x080017a9   Thumb Code    80  isr.o(i.TIM6_IRQHandler)
    TIM7_IRQHandler                          0x08001801   Thumb Code    14  isr.o(i.TIM7_IRQHandler)
    TIM8_UP_IRQHandler                       0x08001815   Thumb Code    14  isr.o(i.TIM8_UP_IRQHandler)
    TIM_Cmd                                  0x08001829   Thumb Code    22  hal_tim.o(i.TIM_Cmd)
    TIM_DMACmd                               0x0800183f   Thumb Code    18  hal_tim.o(i.TIM_DMACmd)
    TIM_ETRClockMode1Config                  0x08001851   Thumb Code    32  hal_tim.o(i.TIM_ETRClockMode1Config)
    TIM_ETRConfig                            0x08001871   Thumb Code    44  hal_tim.o(i.TIM_ETRConfig)
    TIM_SelectInputTrigger                   0x0800189d   Thumb Code    12  hal_tim.o(i.TIM_SelectInputTrigger)
    TIM_SelectMasterSlaveMode                0x080018a9   Thumb Code    12  hal_tim.o(i.TIM_SelectMasterSlaveMode)
    TIM_SelectSlaveMode                      0x080018b5   Thumb Code    12  hal_tim.o(i.TIM_SelectSlaveMode)
    TIM_TimeBaseInit                         0x080018c1   Thumb Code    98  hal_tim.o(i.TIM_TimeBaseInit)
    Turn_Control                             0x08001939   Thumb Code    56  control.o(i.Turn_Control)
    UART1_IRQHandler                         0x0800197d   Thumb Code    54  isr.o(i.UART1_IRQHandler)
    UART2_IRQHandler                         0x080019b9   Thumb Code    54  isr.o(i.UART2_IRQHandler)
    UART3_IRQHandler                         0x080019f5   Thumb Code    60  isr.o(i.UART3_IRQHandler)
    UART4_IRQHandler                         0x08001a35   Thumb Code    54  isr.o(i.UART4_IRQHandler)
    UART5_IRQHandler                         0x08001a71   Thumb Code    46  isr.o(i.UART5_IRQHandler)
    UART6_IRQHandler                         0x08001aa5   Thumb Code    54  isr.o(i.UART6_IRQHandler)
    UART7_IRQHandler                         0x08001ae1   Thumb Code    54  isr.o(i.UART7_IRQHandler)
    UART8_IRQHandler                         0x08001b1d   Thumb Code    86  isr.o(i.UART8_IRQHandler)
    Ultrasonic_init                          0x08001b7d   Thumb Code    40  ultrasonic.o(i.Ultrasonic_init)
    Ultrasonic_receive                       0x08001ba5   Thumb Code    26  ultrasonic.o(i.Ultrasonic_receive)
    UsageFault_Handler                       0x08001bcd   Thumb Code     4  common.o(i.UsageFault_Handler)
    __scatterload_copy                       0x08001bd1   Thumb Code    14  handlers.o(i.__scatterload_copy)
    __scatterload_null                       0x08001bdf   Thumb Code     2  handlers.o(i.__scatterload_null)
    __scatterload_zeroinit                   0x08001be1   Thumb Code    14  handlers.o(i.__scatterload_zeroinit)
    afio_init                                0x08001bf1   Thumb Code   218  zf_gpio.o(i.afio_init)
    camera_dma_init                          0x08001cd5   Thumb Code   122  zf_camera.o(i.camera_dma_init)
    camera_tim_etr_init                      0x08001d51   Thumb Code   280  zf_camera.o(i.camera_tim_etr_init)
    centre_line_get                          0x08001e6d   Thumb Code   226  img_process.o(i.centre_line_get)
    count_Zebra                              0x08001f6d   Thumb Code   126  img_process.o(i.count_Zebra)
    erzhihua                                 0x08001ffd   Thumb Code    88  img_process.o(i.erzhihua)
    exti_interrupt_init                      0x08002061   Thumb Code   206  zf_exti.o(i.exti_interrupt_init)
    find_Inflection_A                        0x08002135   Thumb Code   400  img_process.o(i.find_Inflection_A)
    find_Inflection_B                        0x080022d1   Thumb Code   140  img_process.o(i.find_Inflection_B)
    find_Inflection_C                        0x08002369   Thumb Code   222  img_process.o(i.find_Inflection_C)
    find_Zebra                               0x08002459   Thumb Code   128  img_process.o(i.find_Zebra)
    find_Zebra_y                             0x080024ed   Thumb Code   164  img_process.o(i.find_Zebra_y)
    fun0                                     0x0800259d   Thumb Code    34  menu.o(i.fun0)
    fun1                                     0x080025fd   Thumb Code    58  menu.o(i.fun1)
    fun10                                    0x08002671   Thumb Code    66  menu.o(i.fun10)
    fun11                                    0x080026f1   Thumb Code    56  menu.o(i.fun11)
    fun12                                    0x08002761   Thumb Code    34  menu.o(i.fun12)
    fun13                                    0x080027c1   Thumb Code    92  menu.o(i.fun13)
    fun14                                    0x08002861   Thumb Code   106  menu.o(i.fun14)
    fun15                                    0x08002911   Thumb Code    92  menu.o(i.fun15)
    fun16                                    0x080029b1   Thumb Code   106  menu.o(i.fun16)
    fun17                                    0x08002a61   Thumb Code    92  menu.o(i.fun17)
    fun18                                    0x08002afd   Thumb Code   106  menu.o(i.fun18)
    fun19                                    0x08002ba9   Thumb Code    92  menu.o(i.fun19)
    fun2                                     0x08002c45   Thumb Code    68  menu.o(i.fun2)
    fun20                                    0x08002cc1   Thumb Code   106  menu.o(i.fun20)
    fun21                                    0x08002d6d   Thumb Code    92  menu.o(i.fun21)
    fun3                                     0x08002e09   Thumb Code    58  menu.o(i.fun3)
    fun4                                     0x08002e7d   Thumb Code    68  menu.o(i.fun4)
    fun5                                     0x08002ef9   Thumb Code    58  menu.o(i.fun5)
    fun6                                     0x08002f69   Thumb Code    34  menu.o(i.fun6)
    fun7                                     0x08002fc9   Thumb Code    56  menu.o(i.fun7)
    fun8                                     0x0800303d   Thumb Code    66  menu.o(i.fun8)
    fun9                                     0x080030bd   Thumb Code    56  menu.o(i.fun9)
    get_config                               0x08003131   Thumb Code    96  seekfree_mt9v03x.o(i.get_config)
    get_longest_col                          0x08003199   Thumb Code   144  img_process.o(i.get_longest_col)
    get_shortest_col                         0x0800323d   Thumb Code    48  img_process.o(i.get_shortest_col)
    gpio_get                                 0x08003275   Thumb Code    32  zf_gpio.o(i.gpio_get)
    gpio_init                                0x08003299   Thumb Code   322  zf_gpio.o(i.gpio_init)
    gpio_set                                 0x080033e5   Thumb Code    68  zf_gpio.o(i.gpio_set)
    if_narrow_track                          0x0800342d   Thumb Code    60  img_process.o(i.if_narrow_track)
    if_stop                                  0x08003475   Thumb Code    64  img_process.o(i.if_stop)
    ips114_clear                             0x080034cd   Thumb Code    48  seekfree_ips114_spi.o(i.ips114_clear)
    ips114_displayimage032                   0x080034fd   Thumb Code   140  seekfree_ips114_spi.o(i.ips114_displayimage032)
    ips114_init                              0x08003589   Thumb Code   508  seekfree_ips114_spi.o(i.ips114_init)
    ips114_showchar                          0x080037d9   Thumb Code   104  seekfree_ips114_spi.o(i.ips114_showchar)
    ips114_showint16                         0x08003845   Thumb Code   194  seekfree_ips114_spi.o(i.ips114_showint16)
    ips114_showint32                         0x08003909   Thumb Code   104  seekfree_ips114_spi.o(i.ips114_showint32)
    ips114_showstr                           0x08003975   Thumb Code    50  seekfree_ips114_spi.o(i.ips114_showstr)
    is_Branch                                0x08003a85   Thumb Code   324  img_process.o(i.is_Branch)
    is_Straight                              0x08003be5   Thumb Code   286  img_process.o(i.is_Straight)
    judge_Branch                             0x08003d0d   Thumb Code   102  img_process.o(i.judge_Branch)
    judge_Garage                             0x08003d85   Thumb Code   220  img_process.o(i.judge_Garage)
    judge_Ring                               0x08003e75   Thumb Code   432  img_process.o(i.judge_Ring)
    judge_relay                              0x08004041   Thumb Code    86  img_process.o(i.judge_relay)
    key_init                                 0x080040a9   Thumb Code    40  key.o(i.key_init)
    key_ips                                  0x080040d1   Thumb Code    60  key.o(i.key_ips)
    main                                     0x08004111   Thumb Code    74  main.o(i.main)
    menu_key                                 0x08004161   Thumb Code    94  menu.o(i.menu_key)
    motor_init                               0x080041c9   Thumb Code    60  motor.o(i.motor_init)
    mt9v03x_dma                              0x08004205   Thumb Code    22  seekfree_mt9v03x.o(i.mt9v03x_dma)
    mt9v03x_dma_init                         0x08004225   Thumb Code    68  seekfree_mt9v03x.o(i.mt9v03x_dma_init)
    mt9v03x_exti_init                        0x08004275   Thumb Code    40  seekfree_mt9v03x.o(i.mt9v03x_exti_init)
    mt9v03x_init                             0x0800429d   Thumb Code   108  seekfree_mt9v03x.o(i.mt9v03x_init)
    mt9v03x_tim1_etr_init                    0x08004321   Thumb Code    14  seekfree_mt9v03x.o(i.mt9v03x_tim1_etr_init)
    mt9v03x_uart_callback                    0x08004331   Thumb Code    66  seekfree_mt9v03x.o(i.mt9v03x_uart_callback)
    mt9v03x_vsync                            0x08004385   Thumb Code    20  seekfree_mt9v03x.o(i.mt9v03x_vsync)
    number_conversion_ascii                  0x0800439d   Thumb Code   136  seekfree_printf.o(i.number_conversion_ascii)
    nvic_init                                0x08004425   Thumb Code    36  common.o(i.nvic_init)
    ov7725_cof_uart_interrupt                0x08004449   Thumb Code    66  seekfree_uart_7725.o(i.ov7725_cof_uart_interrupt)
    ov7725_dma                               0x0800449d   Thumb Code    22  seekfree_7725.o(i.ov7725_dma)
    ov7725_uart_dma                          0x080044bd   Thumb Code    22  seekfree_uart_7725.o(i.ov7725_uart_dma)
    ov7725_uart_vsync                        0x080044dd   Thumb Code    20  seekfree_uart_7725.o(i.ov7725_uart_vsync)
    ov7725_vsync                             0x080044f5   Thumb Code    20  seekfree_7725.o(i.ov7725_vsync)
    pit_init                                 0x0800450d   Thumb Code    22  motor.o(i.pit_init)
    printf_reverse_order                     0x08004523   Thumb Code    34  seekfree_printf.o(i.printf_reverse_order)
    pwm_duty_updata                          0x08004545   Thumb Code   168  zf_pwm.o(i.pwm_duty_updata)
    pwm_init                                 0x080045f5   Thumb Code   632  zf_pwm.o(i.pwm_init)
    receive_message                          0x08004891   Thumb Code    20  img_process.o(i.receive_message)
    refresh_current_element                  0x080048a5   Thumb Code    76  img_process.o(i.refresh_current_element)
    relay_start                              0x080048fd   Thumb Code    18  img_process.o(i.relay_start)
    relay_stop                               0x08004911   Thumb Code    50  img_process.o(i.relay_stop)
    repair_Branch                            0x08004949   Thumb Code   230  img_process.o(i.repair_Branch)
    repair_Garage                            0x08004a4d   Thumb Code   668  img_process.o(i.repair_Garage)
    repair_Ring                              0x08004d11   Thumb Code  1948  img_process.o(i.repair_Ring)
    repair_Zebra                             0x080054d1   Thumb Code    92  img_process.o(i.repair_Zebra)
    repair_car                               0x08005539   Thumb Code   110  img_process.o(i.repair_car)
    seekfree_wireless_init                   0x080055b5   Thumb Code    20  seekfree_wireless.o(i.seekfree_wireless_init)
    send_message                             0x080055c9   Thumb Code    14  img_process.o(i.send_message)
    set_Speed                                0x080055d9   Thumb Code   424  motor.o(i.set_Speed)
    set_config                               0x08005791   Thumb Code   110  seekfree_mt9v03x.o(i.set_config)
    set_exposure_time                        0x08005809   Thumb Code    74  seekfree_mt9v03x.o(i.set_exposure_time)
    spi_init                                 0x0800585d   Thumb Code   434  zf_spi.o(i.spi_init)
    spi_mosi                                 0x08005a1d   Thumb Code    76  zf_spi.o(i.spi_mosi)
    systick_delay                            0x08005ac5   Thumb Code    38  zf_systick.o(i.systick_delay)
    systick_delay_ms                         0x08005aed   Thumb Code    34  zf_systick.o(i.systick_delay_ms)
    threshold_init                           0x08005b15   Thumb Code    40  img_process.o(i.threshold_init)
    tim_encoder_get_count                    0x08005b45   Thumb Code    46  zf_tim.o(i.tim_encoder_get_count)
    tim_encoder_init                         0x08005b79   Thumb Code   232  zf_tim.o(i.tim_encoder_init)
    tim_encoder_rst                          0x08005c7d   Thumb Code    30  zf_tim.o(i.tim_encoder_rst)
    tim_interrupt_enable                     0x08005ca1   Thumb Code    30  zf_pit.o(i.tim_interrupt_enable)
    tim_interrupt_init                       0x08005cc5   Thumb Code   216  zf_pit.o(i.tim_interrupt_init)
    trackBorder_Get                          0x08005db1   Thumb Code   474  img_process.o(i.trackBorder_Get)
    uart_getchar                             0x08005fd5   Thumb Code    30  zf_uart.o(i.uart_getchar)
    uart_handler                             0x08005ff9   Thumb Code    86  ultrasonic.o(i.uart_handler)
    uart_init                                0x08006065   Thumb Code   392  zf_uart.o(i.uart_init)
    uart_putbuff                             0x0800621d   Thumb Code    42  zf_uart.o(i.uart_putbuff)
    uart_putchar                             0x0800624d   Thumb Code    28  zf_uart.o(i.uart_putchar)
    uart_query                               0x0800626d   Thumb Code    34  zf_uart.o(i.uart_query)
    uart_rx_irq                              0x08006295   Thumb Code    66  zf_uart.o(i.uart_rx_irq)
    weight_array_init                        0x080062e1   Thumb Code    50  img_process.o(i.weight_array_init)
    zf_sprintf                               0x0800631d   Thumb Code   736  seekfree_printf.o(i.zf_sprintf)
    tft_ascii                                0x08006600   Data        1520  seekfree_font.o(.constdata)
    gImage_qq                                0x08006bf0   Data        3200  seekfree_font.o(.constdata)
    chinese_test                             0x08007870   Data         128  seekfree_font.o(.constdata)
    oled_6x8                                 0x080078f0   Data         552  seekfree_font.o(.constdata)
    oled_8x16                                0x08007b18   Data        1520  seekfree_font.o(.constdata)
    oled_16x16_chinese                       0x08008108   Data         128  seekfree_font.o(.constdata)
    Region$$Table$$Base                      0x08008188   Number         0  anon$$obj.o(Region$$Table)
    Region$$Table$$Limit                     0x080081a8   Number         0  anon$$obj.o(Region$$Table)
    ips_flag                                 0x20000000   Data           1  img_process.o(.data)
    valid_row                                0x20000002   Data           2  img_process.o(.data)
    longest_col                              0x20000004   Data           2  img_process.o(.data)
    shortest_col                             0x20000006   Data           2  img_process.o(.data)
    narrow_row                               0x20000008   Data           2  img_process.o(.data)
    Threshold                                0x2000000a   Data           1  img_process.o(.data)
    delta                                    0x2000000c   Data           2  img_process.o(.data)
    EdgeL                                    0x2000000e   Data           2  img_process.o(.data)
    EdgeR                                    0x20000010   Data           2  img_process.o(.data)
    lastEdgeL                                0x20000012   Data           2  img_process.o(.data)
    lastEdgeR                                0x20000014   Data           2  img_process.o(.data)
    lostLeft_Sign                            0x20000016   Data           2  img_process.o(.data)
    lostRight_Sign                           0x20000018   Data           2  img_process.o(.data)
    leftLostLine_Cnt                         0x2000001a   Data           2  img_process.o(.data)
    rightLostLine_Cnt                        0x2000001c   Data           2  img_process.o(.data)
    stateRing_Sign                           0x2000001e   Data           1  img_process.o(.data)
    directRing_Sign                          0x2000001f   Data           1  img_process.o(.data)
    stateBranch_Sign                         0x20000020   Data           1  img_process.o(.data)
    directBranch_Sign                        0x20000021   Data           1  img_process.o(.data)
    stateGarage_Sign                         0x20000022   Data           1  img_process.o(.data)
    directGarage_Sign                        0x20000023   Data           1  img_process.o(.data)
    branch_num                               0x20000024   Data           1  img_process.o(.data)
    stateRelay_Sign                          0x20000025   Data           1  img_process.o(.data)
    distance1                                0x20000028   Data           4  img_process.o(.data)
    find_car                                 0x2000002c   Data           1  img_process.o(.data)
    run_direction                            0x2000002d   Data           1  img_process.o(.data)
    repair_Cnt                               0x2000002e   Data           2  img_process.o(.data)
    d_neg                                    0x20000030   Data           2  img_process.o(.data)
    d_pos                                    0x20000032   Data           2  img_process.o(.data)
    min_Length                               0x20000034   Data           2  img_process.o(.data)
    track                                    0x20000036   Data           1  img_process.o(.data)
    left_Delta_Exceed_Cnt                    0x20000037   Data           1  img_process.o(.data)
    right_Delta_Exceed_Cnt                   0x20000038   Data           1  img_process.o(.data)
    inflection_A                             0x2000003a   Data           2  img_process.o(.data)
    inflection_B                             0x2000003c   Data           2  img_process.o(.data)
    inflection_C                             0x2000003e   Data           2  img_process.o(.data)
    inflection_G                             0x20000040   Data           2  img_process.o(.data)
    stop_flag                                0x20000042   Data           1  img_process.o(.data)
    current_element                          0x20000043   Data           1  img_process.o(.data)
    trackBorder_Get_Cnt                      0x20000044   Data           1  img_process.o(.data)
    last_start                               0x20000046   Data           2  img_process.o(.data)
    duty_L                                   0x20000048   Data           1  motor.o(.data)
    duty_R                                   0x20000049   Data           1  motor.o(.data)
    dir_L                                    0x2000004a   Data           1  motor.o(.data)
    dir_R                                    0x2000004b   Data           1  motor.o(.data)
    time                                     0x20000050   Data           8  motor.o(.data)
    speed_1                                  0x20000058   Data           8  motor.o(.data)
    speed_2                                  0x20000060   Data           8  motor.o(.data)
    current_speed                            0x20000068   Data           8  control.o(.data)
    car_speed                                0x20000070   Data           4  control.o(.data)
    average_error                            0x20000074   Data           4  control.o(.data)
    different                                0x20000078   Data           4  control.o(.data)
    different1                               0x2000007c   Data           4  control.o(.data)
    DifferentSpeed_PID                       0x20000080   Data          28  control.o(.data)
    Speed_Left_PID                           0x2000009c   Data          28  control.o(.data)
    Speed_Right_PID                          0x200000b8   Data          28  control.o(.data)
    temp_length                              0x200000d4   Data           4  control.o(.data)
    length_count                             0x200000d8   Data           1  control.o(.data)
    round_length                             0x200000dc   Data           4  control.o(.data)
    speed_cricuit                            0x200000e0   Data           8  control.o(.data)
    table                                    0x200000e8   Data         448  menu.o(.data)
    func_index                               0x200002a8   Data           1  menu.o(.data)
    ranging_counter                          0x200002aa   Data           2  ultrasonic.o(.data)
    ranging_counter_return                   0x200002ac   Data           2  ultrasonic.o(.data)
    ranging_flage                            0x200002ae   Data           1  ultrasonic.o(.data)
    uart_data                                0x200002af   Data           1  ultrasonic.o(.data)
    dat                                      0x200002b0   Data           3  ultrasonic.o(.data)
    num                                      0x200002b3   Data           1  ultrasonic.o(.data)
    camera_type                              0x200002b4   Data           1  common.o(.data)
    camera_buffer_addr                       0x200002b8   Data           4  common.o(.data)
    SystemCoreClock                          0x200002bc   Data           4  system_mm32f327x.o(.data)
    AHBPrescTable                            0x200002c0   Data          16  system_mm32f327x.o(.data)
    gpio_group                               0x200002d0   Data          32  zf_gpio.o(.data)
    spi_index                                0x200002f0   Data          12  zf_spi.o(.data)
    tim_index                                0x200002fc   Data          32  zf_tim.o(.data)
    uart_index                               0x2000031c   Data          32  zf_uart.o(.data)
    uart_irq                                 0x2000033c   Data           8  zf_uart.o(.data)
    ov7725_finish_flag                       0x20000344   Data           1  seekfree_7725.o(.data)
    mt9v03x_finish_flag                      0x20000348   Data           1  seekfree_mt9v03x.o(.data)
    MT9V03X_CFG                              0x2000034e   Data          36  seekfree_mt9v03x.o(.data)
    GET_CFG                                  0x20000372   Data          32  seekfree_mt9v03x.o(.data)
    ov7725_uart_finish_flag                  0x20000392   Data           1  seekfree_uart_7725.o(.data)
    OV7725_CFG                               0x20000394   Data          24  seekfree_uart_7725.o(.data)
    OV7725_GET_CFG                           0x200003ac   Data          20  seekfree_uart_7725.o(.data)
    image                                    0x200003c8   Data       22560  img_process.o(.bss)
    threshold                                0x20005be8   Data         120  img_process.o(.bss)
    weight_array                             0x20005c60   Data         240  img_process.o(.bss)
    track_Width                              0x20005d50   Data         240  img_process.o(.bss)
    Border                                   0x20005e40   Data         720  img_process.o(.bss)
    halftrack_Width                          0x20006110   Data         240  img_process.o(.bss)
    islost_record                            0x20006200   Data         360  img_process.o(.bss)
    col_length                               0x20006368   Data         376  img_process.o(.bss)
    mt9v03x_image                            0x200064e0   Data       22560  seekfree_mt9v03x.o(.bss)
    __initial_sp                             0x2000c100   Data           0  startup_mm32f327x_keil.o(STACK)



==============================================================================

Memory Map of the image

  Image Entry point : 0x08000191

  Load Region LR_IROM1 (Base: 0x08000000, Size: 0x00008570, Max: 0x00080000, ABSOLUTE, COMPRESSED[0x00008318])

    Execution Region ER_IROM1 (Exec base: 0x08000000, Load base: 0x08000000, Size: 0x000081a8, Max: 0x00080000, ABSOLUTE)

    Exec Addr    Load Addr    Size         Type   Attr      Idx    E Section Name        Object

    0x08000000   0x08000000   0x00000190   Data   RO         1732    RESET               startup_mm32f327x_keil.o
    0x08000190   0x08000190   0x00000000   Code   RO         8135  * .ARM.Collect$$$$00000000  mc_w.l(entry.o)
    0x08000190   0x08000190   0x00000004   Code   RO         8213    .ARM.Collect$$$$00000001  mc_w.l(entry2.o)
    0x08000194   0x08000194   0x00000004   Code   RO         8216    .ARM.Collect$$$$00000004  mc_w.l(entry5.o)
    0x08000198   0x08000198   0x00000000   Code   RO         8218    .ARM.Collect$$$$00000008  mc_w.l(entry7b.o)
    0x08000198   0x08000198   0x00000000   Code   RO         8220    .ARM.Collect$$$$0000000A  mc_w.l(entry8b.o)
    0x08000198   0x08000198   0x00000008   Code   RO         8221    .ARM.Collect$$$$0000000B  mc_w.l(entry9a.o)
    0x080001a0   0x080001a0   0x00000000   Code   RO         8223    .ARM.Collect$$$$0000000D  mc_w.l(entry10a.o)
    0x080001a0   0x080001a0   0x00000000   Code   RO         8225    .ARM.Collect$$$$0000000F  mc_w.l(entry11a.o)
    0x080001a0   0x080001a0   0x00000004   Code   RO         8214    .ARM.Collect$$$$00002712  mc_w.l(entry2.o)
    0x080001a4   0x080001a4   0x00000024   Code   RO         1733    .text               startup_mm32f327x_keil.o
    0x080001c8   0x080001c8   0x00000008   Code   RO         8140    .text               mc_w.l(siabs.o)
    0x080001d0   0x080001d0   0x00000024   Code   RO         8144    .text               mc_w.l(memcpya.o)
    0x080001f4   0x080001f4   0x00000024   Code   RO         8146    .text               mc_w.l(memseta.o)
    0x08000218   0x08000218   0x000000b0   Code   RO         8150    .text               mf_w.l(fadd.o)
    0x080002c8   0x080002c8   0x00000064   Code   RO         8152    .text               mf_w.l(fmul.o)
    0x0800032c   0x0800032c   0x0000007c   Code   RO         8154    .text               mf_w.l(fdiv.o)
    0x080003a8   0x080003a8   0x0000014e   Code   RO         8156    .text               mf_w.l(dadd.o)
    0x080004f6   0x080004f6   0x000000e4   Code   RO         8158    .text               mf_w.l(dmul.o)
    0x080005da   0x080005da   0x000000de   Code   RO         8160    .text               mf_w.l(ddiv.o)
    0x080006b8   0x080006b8   0x00000012   Code   RO         8162    .text               mf_w.l(fflti.o)
    0x080006ca   0x080006ca   0x0000000a   Code   RO         8164    .text               mf_w.l(ffltui.o)
    0x080006d4   0x080006d4   0x00000022   Code   RO         8166    .text               mf_w.l(dflti.o)
    0x080006f6   0x080006f6   0x00000032   Code   RO         8168    .text               mf_w.l(ffixi.o)
    0x08000728   0x08000728   0x00000028   Code   RO         8170    .text               mf_w.l(ffixui.o)
    0x08000750   0x08000750   0x0000003e   Code   RO         8172    .text               mf_w.l(dfixi.o)
    0x0800078e   0x0800078e   0x00000032   Code   RO         8174    .text               mf_w.l(dfixui.o)
    0x080007c0   0x080007c0   0x00000026   Code   RO         8176    .text               mf_w.l(f2d.o)
    0x080007e6   0x080007e6   0x00000002   PAD
    0x080007e8   0x080007e8   0x00000030   Code   RO         8178    .text               mf_w.l(cdcmple.o)
    0x08000818   0x08000818   0x00000030   Code   RO         8180    .text               mf_w.l(cdrcmple.o)
    0x08000848   0x08000848   0x00000014   Code   RO         8184    .text               mf_w.l(cfcmple.o)
    0x0800085c   0x0800085c   0x00000014   Code   RO         8186    .text               mf_w.l(cfrcmple.o)
    0x08000870   0x08000870   0x0000001e   Code   RO         8227    .text               mc_w.l(llshl.o)
    0x0800088e   0x0800088e   0x00000020   Code   RO         8229    .text               mc_w.l(llushr.o)
    0x080008ae   0x080008ae   0x00000024   Code   RO         8231    .text               mc_w.l(llsshr.o)
    0x080008d2   0x080008d2   0x00000000   Code   RO         8240    .text               mc_w.l(iusefp.o)
    0x080008d2   0x080008d2   0x0000006e   Code   RO         8241    .text               mf_w.l(fepilogue.o)
    0x08000940   0x08000940   0x000000ba   Code   RO         8245    .text               mf_w.l(depilogue.o)
    0x080009fa   0x080009fa   0x00000002   PAD
    0x080009fc   0x080009fc   0x00000024   Code   RO         8251    .text               mc_w.l(init.o)
    0x08000a20   0x08000a20   0x00000056   Code   RO         8263    .text               mc_w.l(__dczerorl2.o)
    0x08000a76   0x08000a76   0x00000066   Code   RO         1628    i.AutoCalPllFactor  system_mm32f327x.o
    0x08000adc   0x08000adc   0x00000004   Code   RO         1488    i.BusFault_Handler  common.o
    0x08000ae0   0x08000ae0   0x00000042   Code   RO         1629    i.DELAY_xUs         system_mm32f327x.o
    0x08000b22   0x08000b22   0x00000014   Code   RO            4    i.DMA1_Channel1_IRQHandler  isr.o
    0x08000b36   0x08000b36   0x00000014   Code   RO            5    i.DMA1_Channel2_IRQHandler  isr.o
    0x08000b4a   0x08000b4a   0x00000016   Code   RO            6    i.DMA1_Channel3_IRQHandler  isr.o
    0x08000b60   0x08000b60   0x00000044   Code   RO            7    i.DMA1_Channel4_IRQHandler  isr.o
    0x08000ba4   0x08000ba4   0x00000016   Code   RO            8    i.DMA1_Channel5_IRQHandler  isr.o
    0x08000bba   0x08000bba   0x00000016   Code   RO            9    i.DMA1_Channel6_IRQHandler  isr.o
    0x08000bd0   0x08000bd0   0x00000016   Code   RO           10    i.DMA1_Channel7_IRQHandler  isr.o
    0x08000be6   0x08000be6   0x00000002   PAD
    0x08000be8   0x08000be8   0x00000018   Code   RO           11    i.DMA2_Channel1_IRQHandler  isr.o
    0x08000c00   0x08000c00   0x00000018   Code   RO           12    i.DMA2_Channel2_IRQHandler  isr.o
    0x08000c18   0x08000c18   0x00000018   Code   RO           13    i.DMA2_Channel3_IRQHandler  isr.o
    0x08000c30   0x08000c30   0x00000018   Code   RO           14    i.DMA2_Channel4_IRQHandler  isr.o
    0x08000c48   0x08000c48   0x00000018   Code   RO           15    i.DMA2_Channel5_IRQHandler  isr.o
    0x08000c60   0x08000c60   0x0000001c   Code   RO         4775    i.DMA_ClearFlag     hal_dma.o
    0x08000c7c   0x08000c7c   0x0000000c   Code   RO         4777    i.DMA_Cmd           hal_dma.o
    0x08000c88   0x08000c88   0x0000005c   Code   RO         4778    i.DMA_DeInit        hal_dma.o
    0x08000ce4   0x08000ce4   0x00000030   Code   RO         4780    i.DMA_GetFlagStatus  hal_dma.o
    0x08000d14   0x08000d14   0x00000012   Code   RO         4782    i.DMA_ITConfig      hal_dma.o
    0x08000d26   0x08000d26   0x00000046   Code   RO         4783    i.DMA_Init          hal_dma.o
    0x08000d6c   0x08000d6c   0x00000004   Code   RO         1489    i.DebugMon_Handler  common.o
    0x08000d70   0x08000d70   0x00000020   Code   RO          950    i.Different_Speed   control.o
    0x08000d90   0x08000d90   0x0000000a   Code   RO           16    i.EXTI0_IRQHandler  isr.o
    0x08000d9a   0x08000d9a   0x00000070   Code   RO           17    i.EXTI15_10_IRQHandler  isr.o
    0x08000e0a   0x08000e0a   0x0000000a   Code   RO           18    i.EXTI1_IRQHandler  isr.o
    0x08000e14   0x08000e14   0x0000000a   Code   RO           19    i.EXTI2_IRQHandler  isr.o
    0x08000e1e   0x08000e1e   0x0000000a   Code   RO           20    i.EXTI3_IRQHandler  isr.o
    0x08000e28   0x08000e28   0x0000000a   Code   RO           21    i.EXTI4_IRQHandler  isr.o
    0x08000e32   0x08000e32   0x00000002   PAD
    0x08000e34   0x08000e34   0x00000080   Code   RO           22    i.EXTI9_5_IRQHandler  isr.o
    0x08000eb4   0x08000eb4   0x0000000c   Code   RO         5388    i.EXTI_ClearFlag    hal_exti.o
    0x08000ec0   0x08000ec0   0x00000020   Code   RO         5393    i.EXTI_GetITStatus  hal_exti.o
    0x08000ee0   0x08000ee0   0x000000d8   Code   RO         5394    i.EXTI_Init         hal_exti.o
    0x08000fb8   0x08000fb8   0x0000003c   Code   RO         5395    i.EXTI_LineConfig   hal_exti.o
    0x08000ff4   0x08000ff4   0x00000010   Code   RO         5396    i.EXTI_StructInit   hal_exti.o
    0x08001004   0x08001004   0x00000010   Code   RO          887    i.Encoder_Clean     motor.o
    0x08001014   0x08001014   0x00000020   Code   RO          888    i.Encoder_Get_Value  motor.o
    0x08001034   0x08001034   0x00000020   Code   RO          889    i.Encoder_init      motor.o
    0x08001054   0x08001054   0x00000138   Code   RO          890    i.Get_Speed         motor.o
    0x0800118c   0x0800118c   0x00000004   Code   RO         1490    i.HardFault_Handler  common.o
    0x08001190   0x08001190   0x0000004c   Code   RO          999    i.KEY_Read          key.o
    0x080011dc   0x080011dc   0x00000004   Code   RO         1491    i.MemManage_Handler  common.o
    0x080011e0   0x080011e0   0x00000004   Code   RO         1492    i.NMI_Handler       common.o
    0x080011e4   0x080011e4   0x0000006c   Code   RO         6108    i.NVIC_Init         hal_misc.o
    0x08001250   0x08001250   0x000000c0   Code   RO         1192    i.PID_Location      pid.o
    0x08001310   0x08001310   0x00000004   Code   RO         1493    i.PendSV_Handler    common.o
    0x08001314   0x08001314   0x00000020   Code   RO         6261    i.RCC_AHBPeriphClockCmd  hal_rcc.o
    0x08001334   0x08001334   0x00000020   Code   RO         6264    i.RCC_APB1PeriphClockCmd  hal_rcc.o
    0x08001354   0x08001354   0x00000020   Code   RO         6267    i.RCC_APB2PeriphClockCmd  hal_rcc.o
    0x08001374   0x08001374   0x00000004   Code   RO         1494    i.SVC_Handler       common.o
    0x08001378   0x08001378   0x00000030   Code   RO         1630    i.SetSysClock       system_mm32f327x.o
    0x080013a8   0x080013a8   0x000001f4   Code   RO         1631    i.SetSysClockToXX   system_mm32f327x.o
    0x0800159c   0x0800159c   0x000000b4   Code   RO          565    i.Show_Line         img_process.o
    0x08001650   0x08001650   0x00000090   Code   RO          951    i.Speed_Control     control.o
    0x080016e0   0x080016e0   0x00000064   Code   RO         1632    i.SystemInit        system_mm32f327x.o
    0x08001744   0x08001744   0x00000014   Code   RO           23    i.TIM1_UP_IRQHandler  isr.o
    0x08001758   0x08001758   0x00000012   Code   RO           24    i.TIM2_IRQHandler   isr.o
    0x0800176a   0x0800176a   0x00000002   PAD
    0x0800176c   0x0800176c   0x00000014   Code   RO           25    i.TIM3_IRQHandler   isr.o
    0x08001780   0x08001780   0x00000014   Code   RO           26    i.TIM4_IRQHandler   isr.o
    0x08001794   0x08001794   0x00000014   Code   RO           27    i.TIM5_IRQHandler   isr.o
    0x080017a8   0x080017a8   0x00000058   Code   RO           28    i.TIM6_IRQHandler   isr.o
    0x08001800   0x08001800   0x00000014   Code   RO           29    i.TIM7_IRQHandler   isr.o
    0x08001814   0x08001814   0x00000014   Code   RO           30    i.TIM8_UP_IRQHandler  isr.o
    0x08001828   0x08001828   0x00000016   Code   RO         7123    i.TIM_Cmd           hal_tim.o
    0x0800183e   0x0800183e   0x00000012   Code   RO         7126    i.TIM_DMACmd        hal_tim.o
    0x08001850   0x08001850   0x00000020   Code   RO         7130    i.TIM_ETRClockMode1Config  hal_tim.o
    0x08001870   0x08001870   0x0000002c   Code   RO         7132    i.TIM_ETRConfig     hal_tim.o
    0x0800189c   0x0800189c   0x0000000c   Code   RO         7183    i.TIM_SelectInputTrigger  hal_tim.o
    0x080018a8   0x080018a8   0x0000000c   Code   RO         7184    i.TIM_SelectMasterSlaveMode  hal_tim.o
    0x080018b4   0x080018b4   0x0000000c   Code   RO         7188    i.TIM_SelectSlaveMode  hal_tim.o
    0x080018c0   0x080018c0   0x00000078   Code   RO         7211    i.TIM_TimeBaseInit  hal_tim.o
    0x08001938   0x08001938   0x00000044   Code   RO          952    i.Turn_Control      control.o
    0x0800197c   0x0800197c   0x0000003c   Code   RO           31    i.UART1_IRQHandler  isr.o
    0x080019b8   0x080019b8   0x0000003c   Code   RO           32    i.UART2_IRQHandler  isr.o
    0x080019f4   0x080019f4   0x00000040   Code   RO           33    i.UART3_IRQHandler  isr.o
    0x08001a34   0x08001a34   0x0000003c   Code   RO           34    i.UART4_IRQHandler  isr.o
    0x08001a70   0x08001a70   0x00000034   Code   RO           35    i.UART5_IRQHandler  isr.o
    0x08001aa4   0x08001aa4   0x0000003c   Code   RO           36    i.UART6_IRQHandler  isr.o
    0x08001ae0   0x08001ae0   0x0000003c   Code   RO           37    i.UART7_IRQHandler  isr.o
    0x08001b1c   0x08001b1c   0x00000060   Code   RO           38    i.UART8_IRQHandler  isr.o
    0x08001b7c   0x08001b7c   0x00000028   Code   RO         1405    i.Ultrasonic_init   ultrasonic.o
    0x08001ba4   0x08001ba4   0x00000028   Code   RO         1406    i.Ultrasonic_receive  ultrasonic.o
    0x08001bcc   0x08001bcc   0x00000004   Code   RO         1495    i.UsageFault_Handler  common.o
    0x08001bd0   0x08001bd0   0x0000000e   Code   RO         8257    i.__scatterload_copy  mc_w.l(handlers.o)
    0x08001bde   0x08001bde   0x00000002   Code   RO         8258    i.__scatterload_null  mc_w.l(handlers.o)
    0x08001be0   0x08001be0   0x0000000e   Code   RO         8259    i.__scatterload_zeroinit  mc_w.l(handlers.o)
    0x08001bee   0x08001bee   0x00000002   PAD
    0x08001bf0   0x08001bf0   0x000000e4   Code   RO         1983    i.afio_init         zf_gpio.o
    0x08001cd4   0x08001cd4   0x0000007a   Code   RO         1794    i.camera_dma_init   zf_camera.o
    0x08001d4e   0x08001d4e   0x00000002   PAD
    0x08001d50   0x08001d50   0x0000011c   Code   RO         1795    i.camera_tim_etr_init  zf_camera.o
    0x08001e6c   0x08001e6c   0x00000100   Code   RO          569    i.centre_line_get   img_process.o
    0x08001f6c   0x08001f6c   0x00000090   Code   RO          570    i.count_Zebra       img_process.o
    0x08001ffc   0x08001ffc   0x00000064   Code   RO          572    i.erzhihua          img_process.o
    0x08002060   0x08002060   0x000000d4   Code   RO         1846    i.exti_interrupt_init  zf_exti.o
    0x08002134   0x08002134   0x0000019c   Code   RO          573    i.find_Inflection_A  img_process.o
    0x080022d0   0x080022d0   0x00000098   Code   RO          574    i.find_Inflection_B  img_process.o
    0x08002368   0x08002368   0x000000f0   Code   RO          575    i.find_Inflection_C  img_process.o
    0x08002458   0x08002458   0x00000094   Code   RO          577    i.find_Zebra        img_process.o
    0x080024ec   0x080024ec   0x000000b0   Code   RO          578    i.find_Zebra_y      img_process.o
    0x0800259c   0x0800259c   0x00000060   Code   RO         1035    i.fun0              menu.o
    0x080025fc   0x080025fc   0x00000074   Code   RO         1036    i.fun1              menu.o
    0x08002670   0x08002670   0x00000080   Code   RO         1037    i.fun10             menu.o
    0x080026f0   0x080026f0   0x00000070   Code   RO         1038    i.fun11             menu.o
    0x08002760   0x08002760   0x00000060   Code   RO         1039    i.fun12             menu.o
    0x080027c0   0x080027c0   0x000000a0   Code   RO         1040    i.fun13             menu.o
    0x08002860   0x08002860   0x000000b0   Code   RO         1041    i.fun14             menu.o
    0x08002910   0x08002910   0x000000a0   Code   RO         1042    i.fun15             menu.o
    0x080029b0   0x080029b0   0x000000b0   Code   RO         1043    i.fun16             menu.o
    0x08002a60   0x08002a60   0x0000009c   Code   RO         1044    i.fun17             menu.o
    0x08002afc   0x08002afc   0x000000ac   Code   RO         1045    i.fun18             menu.o
    0x08002ba8   0x08002ba8   0x0000009c   Code   RO         1046    i.fun19             menu.o
    0x08002c44   0x08002c44   0x0000007c   Code   RO         1047    i.fun2              menu.o
    0x08002cc0   0x08002cc0   0x000000ac   Code   RO         1048    i.fun20             menu.o
    0x08002d6c   0x08002d6c   0x0000009c   Code   RO         1049    i.fun21             menu.o
    0x08002e08   0x08002e08   0x00000074   Code   RO         1050    i.fun3              menu.o
    0x08002e7c   0x08002e7c   0x0000007c   Code   RO         1051    i.fun4              menu.o
    0x08002ef8   0x08002ef8   0x00000070   Code   RO         1052    i.fun5              menu.o
    0x08002f68   0x08002f68   0x00000060   Code   RO         1053    i.fun6              menu.o
    0x08002fc8   0x08002fc8   0x00000074   Code   RO         1054    i.fun7              menu.o
    0x0800303c   0x0800303c   0x00000080   Code   RO         1055    i.fun8              menu.o
    0x080030bc   0x080030bc   0x00000074   Code   RO         1056    i.fun9              menu.o
    0x08003130   0x08003130   0x00000068   Code   RO         3458    i.get_config        seekfree_mt9v03x.o
    0x08003198   0x08003198   0x000000a4   Code   RO          579    i.get_longest_col   img_process.o
    0x0800323c   0x0800323c   0x00000038   Code   RO          580    i.get_shortest_col  img_process.o
    0x08003274   0x08003274   0x00000024   Code   RO         1985    i.gpio_get          zf_gpio.o
    0x08003298   0x08003298   0x0000014c   Code   RO         1986    i.gpio_init         zf_gpio.o
    0x080033e4   0x080033e4   0x00000048   Code   RO         1987    i.gpio_set          zf_gpio.o
    0x0800342c   0x0800342c   0x00000048   Code   RO          581    i.if_narrow_track   img_process.o
    0x08003474   0x08003474   0x00000058   Code   RO          582    i.if_stop           img_process.o
    0x080034cc   0x080034cc   0x00000030   Code   RO         2935    i.ips114_clear      seekfree_ips114_spi.o
    0x080034fc   0x080034fc   0x0000008c   Code   RO         2937    i.ips114_displayimage032  seekfree_ips114_spi.o
    0x08003588   0x08003588   0x00000204   Code   RO         2944    i.ips114_init       seekfree_ips114_spi.o
    0x0800378c   0x0800378c   0x0000004a   Code   RO         2945    i.ips114_set_region  seekfree_ips114_spi.o
    0x080037d6   0x080037d6   0x00000002   PAD
    0x080037d8   0x080037d8   0x0000006c   Code   RO         2946    i.ips114_showchar   seekfree_ips114_spi.o
    0x08003844   0x08003844   0x000000c2   Code   RO         2948    i.ips114_showint16  seekfree_ips114_spi.o
    0x08003906   0x08003906   0x00000002   PAD
    0x08003908   0x08003908   0x0000006c   Code   RO         2949    i.ips114_showint32  seekfree_ips114_spi.o
    0x08003974   0x08003974   0x00000032   Code   RO         2951    i.ips114_showstr    seekfree_ips114_spi.o
    0x080039a6   0x080039a6   0x00000002   PAD
    0x080039a8   0x080039a8   0x00000044   Code   RO         2954    i.ips114_writeData  seekfree_ips114_spi.o
    0x080039ec   0x080039ec   0x00000044   Code   RO         2955    i.ips114_writeIndex  seekfree_ips114_spi.o
    0x08003a30   0x08003a30   0x00000054   Code   RO         2956    i.ips114_writedata_16bit  seekfree_ips114_spi.o
    0x08003a84   0x08003a84   0x00000160   Code   RO          583    i.is_Branch         img_process.o
    0x08003be4   0x08003be4   0x00000128   Code   RO          584    i.is_Straight       img_process.o
    0x08003d0c   0x08003d0c   0x00000078   Code   RO          586    i.judge_Branch      img_process.o
    0x08003d84   0x08003d84   0x000000f0   Code   RO          587    i.judge_Garage      img_process.o
    0x08003e74   0x08003e74   0x000001cc   Code   RO          588    i.judge_Ring        img_process.o
    0x08004040   0x08004040   0x00000068   Code   RO          589    i.judge_relay       img_process.o
    0x080040a8   0x080040a8   0x00000028   Code   RO         1000    i.key_init          key.o
    0x080040d0   0x080040d0   0x00000040   Code   RO         1001    i.key_ips           key.o
    0x08004110   0x08004110   0x00000050   Code   RO          540    i.main              main.o
    0x08004160   0x08004160   0x00000068   Code   RO         1057    i.menu_key          menu.o
    0x080041c8   0x080041c8   0x0000003c   Code   RO          891    i.motor_init        motor.o
    0x08004204   0x08004204   0x00000020   Code   RO         3460    i.mt9v03x_dma       seekfree_mt9v03x.o
    0x08004224   0x08004224   0x00000050   Code   RO         3461    i.mt9v03x_dma_init  seekfree_mt9v03x.o
    0x08004274   0x08004274   0x00000028   Code   RO         3462    i.mt9v03x_exti_init  seekfree_mt9v03x.o
    0x0800429c   0x0800429c   0x00000084   Code   RO         3463    i.mt9v03x_init      seekfree_mt9v03x.o
    0x08004320   0x08004320   0x0000000e   Code   RO         3464    i.mt9v03x_tim1_etr_init  seekfree_mt9v03x.o
    0x0800432e   0x0800432e   0x00000002   PAD
    0x08004330   0x08004330   0x00000054   Code   RO         3465    i.mt9v03x_uart_callback  seekfree_mt9v03x.o
    0x08004384   0x08004384   0x00000018   Code   RO         3466    i.mt9v03x_vsync     seekfree_mt9v03x.o
    0x0800439c   0x0800439c   0x00000088   Code   RO         1582    i.number_conversion_ascii  seekfree_printf.o
    0x08004424   0x08004424   0x00000024   Code   RO         1496    i.nvic_init         common.o
    0x08004448   0x08004448   0x00000054   Code   RO         3723    i.ov7725_cof_uart_interrupt  seekfree_uart_7725.o
    0x0800449c   0x0800449c   0x00000020   Code   RO         2554    i.ov7725_dma        seekfree_7725.o
    0x080044bc   0x080044bc   0x00000020   Code   RO         3727    i.ov7725_uart_dma   seekfree_uart_7725.o
    0x080044dc   0x080044dc   0x00000018   Code   RO         3733    i.ov7725_uart_vsync  seekfree_uart_7725.o
    0x080044f4   0x080044f4   0x00000018   Code   RO         2567    i.ov7725_vsync      seekfree_7725.o
    0x0800450c   0x0800450c   0x00000016   Code   RO          892    i.pit_init          motor.o
    0x08004522   0x08004522   0x00000022   Code   RO         1583    i.printf_reverse_order  seekfree_printf.o
    0x08004544   0x08004544   0x000000b0   Code   RO         2095    i.pwm_duty_updata   zf_pwm.o
    0x080045f4   0x080045f4   0x00000288   Code   RO         2097    i.pwm_init          zf_pwm.o
    0x0800487c   0x0800487c   0x00000014   Code   RO         2098    i.pwm_pin_init      zf_pwm.o
    0x08004890   0x08004890   0x00000014   Code   RO          591    i.receive_message   img_process.o
    0x080048a4   0x080048a4   0x00000058   Code   RO          592    i.refresh_current_element  img_process.o
    0x080048fc   0x080048fc   0x00000012   Code   RO          593    i.relay_start       img_process.o
    0x0800490e   0x0800490e   0x00000002   PAD
    0x08004910   0x08004910   0x00000038   Code   RO          594    i.relay_stop        img_process.o
    0x08004948   0x08004948   0x00000104   Code   RO          595    i.repair_Branch     img_process.o
    0x08004a4c   0x08004a4c   0x000002c4   Code   RO          596    i.repair_Garage     img_process.o
    0x08004d10   0x08004d10   0x000007c0   Code   RO          597    i.repair_Ring       img_process.o
    0x080054d0   0x080054d0   0x00000068   Code   RO          598    i.repair_Zebra      img_process.o
    0x08005538   0x08005538   0x0000007c   Code   RO          599    i.repair_car        img_process.o
    0x080055b4   0x080055b4   0x00000014   Code   RO         3865    i.seekfree_wireless_init  seekfree_wireless.o
    0x080055c8   0x080055c8   0x0000000e   Code   RO          600    i.send_message      img_process.o
    0x080055d6   0x080055d6   0x00000002   PAD
    0x080055d8   0x080055d8   0x000001b8   Code   RO          893    i.set_Speed         motor.o
    0x08005790   0x08005790   0x00000078   Code   RO         3468    i.set_config        seekfree_mt9v03x.o
    0x08005808   0x08005808   0x00000054   Code   RO         3469    i.set_exposure_time  seekfree_mt9v03x.o
    0x0800585c   0x0800585c   0x000001c0   Code   RO         2144    i.spi_init          zf_spi.o
    0x08005a1c   0x08005a1c   0x00000050   Code   RO         2145    i.spi_mosi          zf_spi.o
    0x08005a6c   0x08005a6c   0x00000058   Code   RO         2146    i.spi_pin_init      zf_spi.o
    0x08005ac4   0x08005ac4   0x00000026   Code   RO         2188    i.systick_delay     zf_systick.o
    0x08005aea   0x08005aea   0x00000002   PAD
    0x08005aec   0x08005aec   0x00000028   Code   RO         2189    i.systick_delay_ms  zf_systick.o
    0x08005b14   0x08005b14   0x00000030   Code   RO          601    i.threshold_init    img_process.o
    0x08005b44   0x08005b44   0x00000034   Code   RO         2247    i.tim_encoder_get_count  zf_tim.o
    0x08005b78   0x08005b78   0x000000f0   Code   RO         2248    i.tim_encoder_init  zf_tim.o
    0x08005c68   0x08005c68   0x00000014   Code   RO         2249    i.tim_encoder_pin_init  zf_tim.o
    0x08005c7c   0x08005c7c   0x00000024   Code   RO         2250    i.tim_encoder_rst   zf_tim.o
    0x08005ca0   0x08005ca0   0x00000024   Code   RO         2044    i.tim_interrupt_enable  zf_pit.o
    0x08005cc4   0x08005cc4   0x000000ec   Code   RO         2045    i.tim_interrupt_init  zf_pit.o
    0x08005db0   0x08005db0   0x00000224   Code   RO          602    i.trackBorder_Get   img_process.o
    0x08005fd4   0x08005fd4   0x00000024   Code   RO         2314    i.uart_getchar      zf_uart.o
    0x08005ff8   0x08005ff8   0x0000006c   Code   RO         1408    i.uart_handler      ultrasonic.o
    0x08006064   0x08006064   0x00000194   Code   RO         2315    i.uart_init         zf_uart.o
    0x080061f8   0x080061f8   0x00000024   Code   RO         2316    i.uart_pin_init     zf_uart.o
    0x0800621c   0x0800621c   0x00000030   Code   RO         2317    i.uart_putbuff      zf_uart.o
    0x0800624c   0x0800624c   0x00000020   Code   RO         2318    i.uart_putchar      zf_uart.o
    0x0800626c   0x0800626c   0x00000028   Code   RO         2320    i.uart_query        zf_uart.o
    0x08006294   0x08006294   0x0000004c   Code   RO         2321    i.uart_rx_irq       zf_uart.o
    0x080062e0   0x080062e0   0x0000003c   Code   RO          603    i.weight_array_init  img_process.o
    0x0800631c   0x0800631c   0x000002e4   Code   RO         1584    i.zf_sprintf        seekfree_printf.o
    0x08006600   0x08006600   0x00001b88   Data   RO         2722    .constdata          seekfree_font.o
    0x08008188   0x08008188   0x00000020   Data   RO         8255    Region$$Table       anon$$obj.o


    Execution Region RW_IRAM1 (Exec base: 0x20000000, Load base: 0x080081a8, Size: 0x0000c100, Max: 0x00020000, ABSOLUTE, COMPRESSED[0x00000170])

    Exec Addr    Load Addr    Size         Type   Attr      Idx    E Section Name        Object

    0x20000000   COMPRESSED   0x00000048   Data   RW          605    .data               img_process.o
    0x20000048   COMPRESSED   0x00000020   Data   RW          894    .data               motor.o
    0x20000068   COMPRESSED   0x00000080   Data   RW          953    .data               control.o
    0x200000e8   COMPRESSED   0x000001c1   Data   RW         1058    .data               menu.o
    0x200002a9   COMPRESSED   0x00000001   PAD
    0x200002aa   COMPRESSED   0x0000000a   Data   RW         1409    .data               ultrasonic.o
    0x200002b4   COMPRESSED   0x00000008   Data   RW         1499    .data               common.o
    0x200002bc   COMPRESSED   0x00000014   Data   RW         1633    .data               system_mm32f327x.o
    0x200002d0   COMPRESSED   0x00000020   Data   RW         1989    .data               zf_gpio.o
    0x200002f0   COMPRESSED   0x0000000c   Data   RW         2147    .data               zf_spi.o
    0x200002fc   COMPRESSED   0x00000020   Data   RW         2251    .data               zf_tim.o
    0x2000031c   COMPRESSED   0x00000028   Data   RW         2323    .data               zf_uart.o
    0x20000344   COMPRESSED   0x00000004   Data   RW         2569    .data               seekfree_7725.o
    0x20000348   COMPRESSED   0x0000004a   Data   RW         3472    .data               seekfree_mt9v03x.o
    0x20000392   COMPRESSED   0x00000033   Data   RW         3736    .data               seekfree_uart_7725.o
    0x200003c5   COMPRESSED   0x00000003   PAD
    0x200003c8        -       0x00006118   Zero   RW          604    .bss                img_process.o
    0x200064e0        -       0x00005820   Zero   RW         3471    .bss                seekfree_mt9v03x.o
    0x2000bd00        -       0x00000400   Zero   RW         1730    STACK               startup_mm32f327x_keil.o


==============================================================================

Image component sizes


      Code (inc. data)   RO Data    RW Data    ZI Data      Debug   Object Name

        68          0          0          8          0       9055   common.o
       244         54          0        128          0       2140   control.o
       268         26          0          0          0       7785   hal_dma.o
       336         20          0          0          0       5564   hal_exti.o
       108         12          0          0          0       1064   hal_misc.o
        96         18          0          0          0       1838   hal_rcc.o
       272         22          0          0          0      12587   hal_tim.o
      7792        642          0         72      24856      28939   img_process.o
      1344        126          0          0          0      35479   isr.o
       180          4          0          0          0       1492   key.o
        80          6          0          0          0        523   main.o
      3068       1378          0        449          0      10924   menu.o
       914         36          0         32          0       4236   motor.o
         0          0          0          0          0      72873   my_math.o
       192         12          0          0          0       1315   pid.o
        56         14          0          4          0       1942   seekfree_7725.o
         0          0       7048          0          0        985   seekfree_font.o
      1458         30          0          0          0       8499   seekfree_ips114_spi.o
       714         96          0         74      22560       7226   seekfree_mt9v03x.o
       910          4          0          0          0       4550   seekfree_printf.o
       140         32          0         51          0       2776   seekfree_uart_7725.o
        20          0          0          0          0        549   seekfree_wireless.o
         0          0          0          0          0      11721   shangweiji.o
        36          8        400          0       1024        904   startup_mm32f327x_keil.o
       816         60          0         20          0       4388   system_mm32f327x.o
       188         36          0         10          0       2147   ultrasonic.o
       406          4          0          0          0      14666   zf_camera.o
       212          6          0          0          0       3082   zf_exti.o
       668         28          0         32          0       4655   zf_gpio.o
       272         26          0          0          0       1432   zf_pit.o
       844         24          0          0          0       3569   zf_pwm.o
       616         18          0         12          0       4386   zf_spi.o
        78          6          0          0          0       1123   zf_systick.o
       348         20          0         32          0       4105   zf_tim.o
       672         52          0         40          0       6390   zf_uart.o

    ----------------------------------------------------------------------
     23438       2820       7480        968      48440     284909   Object Totals
         0          0         32          0          0          0   (incl. Generated)
        22          0          0          4          0          0   (incl. Padding)

    ----------------------------------------------------------------------

      Code (inc. data)   RO Data    RW Data    ZI Data      Debug   Library Member Name

        86          0          0          0          0          0   __dczerorl2.o
         0          0          0          0          0          0   entry.o
         0          0          0          0          0          0   entry10a.o
         0          0          0          0          0          0   entry11a.o
         8          4          0          0          0          0   entry2.o
         4          0          0          0          0          0   entry5.o
         0          0          0          0          0          0   entry7b.o
         0          0          0          0          0          0   entry8b.o
         8          4          0          0          0          0   entry9a.o
        30          0          0          0          0          0   handlers.o
        36          8          0          0          0         68   init.o
         0          0          0          0          0          0   iusefp.o
        30          0          0          0          0         68   llshl.o
        36          0          0          0          0         68   llsshr.o
        32          0          0          0          0         68   llushr.o
        36          0          0          0          0         68   memcpya.o
        36          0          0          0          0        108   memseta.o
         8          0          0          0          0         68   siabs.o
        48          0          0          0          0         68   cdcmple.o
        48          0          0          0          0         68   cdrcmple.o
        20          0          0          0          0         68   cfcmple.o
        20          0          0          0          0         68   cfrcmple.o
       334          0          0          0          0        148   dadd.o
       222          0          0          0          0        100   ddiv.o
       186          0          0          0          0        176   depilogue.o
        62          0          0          0          0         80   dfixi.o
        50          0          0          0          0         76   dfixui.o
        34          0          0          0          0         76   dflti.o
       228          0          0          0          0         96   dmul.o
        38          0          0          0          0         68   f2d.o
       176          0          0          0          0        140   fadd.o
       124          0          0          0          0         88   fdiv.o
       110          0          0          0          0        168   fepilogue.o
        50          0          0          0          0         68   ffixi.o
        40          0          0          0          0         68   ffixui.o
        18          0          0          0          0         68   fflti.o
        10          0          0          0          0         68   ffltui.o
       100          0          0          0          0         76   fmul.o

    ----------------------------------------------------------------------
      2274         16          0          0          0       2352   Library Totals
         6          0          0          0          0          0   (incl. Padding)

    ----------------------------------------------------------------------

      Code (inc. data)   RO Data    RW Data    ZI Data      Debug   Library Name

       350         16          0          0          0        516   mc_w.l
      1918          0          0          0          0       1836   mf_w.l

    ----------------------------------------------------------------------
      2274         16          0          0          0       2352   Library Totals

    ----------------------------------------------------------------------

==============================================================================


      Code (inc. data)   RO Data    RW Data    ZI Data      Debug   

     25712       2836       7480        968      48440     275897   Grand Totals
     25712       2836       7480        368      48440     275897   ELF Image Totals (compressed)
     25712       2836       7480        368          0          0   ROM Totals

==============================================================================

    Total RO  Size (Code + RO Data)                33192 (  32.41kB)
    Total RW  Size (RW Data + ZI Data)             49408 (  48.25kB)
    Total ROM Size (Code + RO Data + RW Data)      33560 (  32.77kB)

==============================================================================

